BL51 BANKED LINKER/LOCATER V6.22.4.0                                                    12/14/2023  13:47:11  PAGE 1


BL51 BANKED LINKER/LOCATER V6.22.4.0, INVOKED BY:
F:\KEIL5\C51\BIN\BL51.EXE .\Objects\main.obj, .\Objects\Delay.obj, .\Objects\LCD1602.obj, .\Objects\MatrixKey2.obj, .\Ob
>> jects\MatrixKey.obj TO .\Objects\project PRINT (.\Listings\project.m51) RAMSIZE (256)


MEMORY MODEL: SMALL


INPUT MODULES INCLUDED:
  .\Objects\main.obj (MAIN)
  .\Objects\Delay.obj (DELAY)
  .\Objects\LCD1602.obj (LCD1602)
  .\Objects\MatrixKey2.obj (MATRIXKEY2)
  .\Objects\MatrixKey.obj (MATRIXKEY)
  F:\KEIL5\C51\LIB\C51S.LIB (?C_STARTUP)
  F:\KEIL5\C51\LIB\C51S.LIB (?C?CLDOPTR)
  F:\KEIL5\C51\LIB\C51S.LIB (?C?IMUL)
  F:\KEIL5\C51\LIB\C51S.LIB (?C?UIDIV)
  F:\KEIL5\C51\LIB\C51S.LIB (?C_INIT)


LINK MAP OF MODULE:  .\Objects\project (MAIN)


            TYPE    BASE      LENGTH    RELOCATION   SEGMENT NAME
            -----------------------------------------------------

            * * * * * * *   D A T A   M E M O R Y   * * * * * * *
            REG     0000H     0008H     ABSOLUTE     "REG BANK 0"
            DATA    0008H     0009H     UNIT         _DATA_GROUP_
            DATA    0011H     0007H     UNIT         ?DT?_LCD_SHOWSIGNEDNUM?LCD1602
            DATA    0018H     0005H     UNIT         ?DT?_LCD_SHOWHEXNUM?LCD1602
            DATA    001DH     0005H     UNIT         ?DT?_LCD_SHOWBINNUM?LCD1602
            DATA    0022H     0001H     UNIT         ?DT?MAIN
            DATA    0023H     0001H     UNIT         ?DT?MATRIXKEY?MATRIXKEY
            IDATA   0024H     0001H     UNIT         ?STACK

            * * * * * * *   C O D E   M E M O R Y   * * * * * * *
            CODE    0000H     0003H     ABSOLUTE     
            CODE    0003H     0119H     UNIT         ?PR?MATRIXKEY?MATRIXKEY
            CODE    011CH     0094H     UNIT         ?C?LIB_CODE
            CODE    01B0H     008CH     UNIT         ?C_C51STARTUP
            CODE    023CH     0066H     UNIT         ?PR?MATRIXKEY2?MATRIXKEY2
            CODE    02A2H     003AH     UNIT         ?PR?_LCD_SHOWSIGNEDNUM?LCD1602
            CODE    02DCH     0039H     UNIT         ?PR?_LCD_SHOWHEXNUM?LCD1602
            CODE    0315H     0038H     UNIT         ?PR?_LCD_SHOWBINNUM?LCD1602
            CODE    034DH     0033H     UNIT         ?PR?_LCD_POW?LCD1602
            CODE    0380H     0028H     UNIT         ?PR?MAIN?MAIN
            CODE    03A8H     0023H     UNIT         ?PR?_LCD_SHOWSTRING?LCD1602
            CODE    03CBH     001EH     UNIT         ?PR?_LCD_WRITEDATA?LCD1602
            CODE    03E9H     001DH     UNIT         ?PR?_LCD_SHOWNUM?LCD1602
            CODE    0406H     001AH     UNIT         ?PR?_DELAY?DELAY
            CODE    0420H     0016H     UNIT         ?PR?_LCD_SETCURSOR?LCD1602
            CODE    0436H     0014H     UNIT         ?PR?LCD_INIT?LCD1602
            CODE    044AH     000FH     UNIT         ?PR?LCD_DELAY?LCD1602
            CODE    0459H     000BH     UNIT         ?PR?_DELAY_10US?MATRIXKEY
            CODE    0464H     000AH     UNIT         ?PR?_LCD_WRITECOMMAND?LCD1602
            CODE    046EH     000AH     UNIT         ?PR?_LCD_SHOWCHAR?LCD1602
BL51 BANKED LINKER/LOCATER V6.22.4.0                                                  12/14/2023  13:47:11  PAGE 2


            CODE    0478H     0006H     UNIT         ?CO?MAIN
            CODE    047EH     0004H     UNIT         ?C_INITSEG



OVERLAY MAP OF MODULE:   .\Objects\project (MAIN)


SEGMENT                                  DATA_GROUP 
  +--> CALLED SEGMENT                  START    LENGTH
------------------------------------------------------
?C_C51STARTUP                          -----    -----
  +--> ?PR?MAIN?MAIN
  +--> ?C_INITSEG

?PR?MAIN?MAIN                          -----    -----
  +--> ?PR?LCD_INIT?LCD1602
  +--> ?CO?MAIN
  +--> ?PR?_LCD_SHOWSTRING?LCD1602
  +--> ?PR?MATRIXKEY2?MATRIXKEY2
  +--> ?PR?_LCD_SHOWNUM?LCD1602

?PR?LCD_INIT?LCD1602                   -----    -----
  +--> ?PR?_LCD_WRITECOMMAND?LCD1602

?PR?_LCD_WRITECOMMAND?LCD1602          -----    -----
  +--> ?PR?LCD_DELAY?LCD1602

?PR?_LCD_SHOWSTRING?LCD1602            0008H    0003H
  +--> ?PR?_LCD_SETCURSOR?LCD1602
  +--> ?PR?_LCD_WRITEDATA?LCD1602

?PR?_LCD_SETCURSOR?LCD1602             -----    -----
  +--> ?PR?_LCD_WRITECOMMAND?LCD1602

?PR?_LCD_WRITEDATA?LCD1602             -----    -----
  +--> ?PR?LCD_DELAY?LCD1602

?PR?_LCD_SHOWNUM?LCD1602               0008H    0005H
  +--> ?PR?_LCD_SETCURSOR?LCD1602
  +--> ?PR?_LCD_POW?LCD1602
  +--> ?PR?_LCD_WRITEDATA?LCD1602

?PR?_LCD_POW?LCD1602                   000DH    0004H



SYMBOL TABLE OF MODULE:  .\Objects\project (MAIN)

  VALUE           TYPE          NAME
  ----------------------------------

  -------         MODULE        MAIN
  C:0000H         SYMBOL        _ICE_DUMMY_
  D:0080H         PUBLIC        P0
  D:0090H         PUBLIC        P1
  D:00A0H         PUBLIC        P2
BL51 BANKED LINKER/LOCATER V6.22.4.0                                                  12/14/2023  13:47:11  PAGE 3


  D:00B0H         PUBLIC        P3
  D:00E8H         PUBLIC        P4
  D:00A8H         PUBLIC        IE
  D:00B8H         PUBLIC        IP
  C:0380H         PUBLIC        main
  D:0098H         PUBLIC        SCON
  D:0088H         PUBLIC        TCON
  D:00C8H         PUBLIC        T2CON
  D:00D0H         PUBLIC        PSW
  D:0022H         PUBLIC        Keynum
  -------         PROC          MAIN
  C:0380H         LINE#         8
  C:0380H         LINE#         9
  C:0380H         LINE#         10
  C:0383H         LINE#         11
  C:0390H         LINE#         12
  C:0390H         LINE#         13
  C:0390H         LINE#         14
  C:0395H         LINE#         16
  C:0399H         LINE#         17
  C:0399H         LINE#         18
  C:03A6H         LINE#         19
  C:03A6H         LINE#         20
  -------         ENDPROC       MAIN
  -------         ENDMOD        MAIN

  -------         MODULE        DELAY
  C:0000H         SYMBOL        _ICE_DUMMY_
  D:0080H         PUBLIC        P0
  D:0090H         PUBLIC        P1
  D:00A0H         PUBLIC        P2
  D:00B0H         PUBLIC        P3
  D:00E8H         PUBLIC        P4
  D:00A8H         PUBLIC        IE
  D:00B8H         PUBLIC        IP
  D:0098H         PUBLIC        SCON
  D:0088H         PUBLIC        TCON
  D:00C8H         PUBLIC        T2CON
  C:0406H         PUBLIC        _Delay
  D:00D0H         PUBLIC        PSW
  -------         PROC          _DELAY
  D:0006H         SYMBOL        xms
  -------         DO            
  D:0005H         SYMBOL        i
  D:0004H         SYMBOL        j
  -------         ENDDO         
  C:0406H         LINE#         5
  C:0406H         LINE#         6
  C:0406H         LINE#         9
  C:040FH         LINE#         10
  C:040FH         LINE#         11
  C:0410H         LINE#         12
  C:0412H         LINE#         13
  C:0414H         LINE#         15
  C:0414H         LINE#         16
  C:0416H         LINE#         17
  C:0418H         LINE#         19
BL51 BANKED LINKER/LOCATER V6.22.4.0                                                  12/14/2023  13:47:11  PAGE 4


  C:041DH         LINE#         20
  C:041FH         LINE#         21
  -------         ENDPROC       _DELAY
  -------         ENDMOD        DELAY

  -------         MODULE        LCD1602
  C:0000H         SYMBOL        _ICE_DUMMY_
  D:0080H         PUBLIC        P0
  D:0090H         PUBLIC        P1
  D:00A0H         PUBLIC        P2
  D:00B0H         PUBLIC        P3
  D:00E8H         PUBLIC        P4
  C:0464H         PUBLIC        _LCD_WriteCommand
  C:03E9H         PUBLIC        _LCD_ShowNum
  D:00A8H         PUBLIC        IE
  D:00B8H         PUBLIC        IP
  C:0315H         PUBLIC        _LCD_ShowBinNum
  C:0450H         PUBLIC        LCD_Delay
  C:02DCH         PUBLIC        _LCD_ShowHexNum
  D:0098H         PUBLIC        SCON
  D:0088H         PUBLIC        TCON
  C:03DFH         PUBLIC        _LCD_WriteData
  B:00A0H.7       PUBLIC        LCD_EN
  C:0436H         PUBLIC        LCD_Init
  C:03A8H         PUBLIC        _LCD_ShowString
  C:046EH         PUBLIC        _LCD_ShowChar
  B:00A0H.6       PUBLIC        LCD_RS
  B:00A0H.5       PUBLIC        LCD_RW
  C:0420H         PUBLIC        _LCD_SetCursor
  D:00C8H         PUBLIC        T2CON
  C:02A2H         PUBLIC        _LCD_ShowSignedNum
  C:0359H         PUBLIC        _LCD_Pow
  D:00D0H         PUBLIC        PSW
  -------         PROC          L?0048
  -------         ENDPROC       L?0048
  -------         PROC          LCD_DELAY
  -------         DO            
  D:0007H         SYMBOL        i
  D:0006H         SYMBOL        j
  -------         ENDDO         
  C:0450H         LINE#         15
  C:0450H         LINE#         16
  C:0450H         LINE#         19
  C:0452H         LINE#         20
  C:0454H         LINE#         22
  C:0454H         LINE#         23
  C:0456H         LINE#         24
  C:0458H         LINE#         25
  -------         ENDPROC       LCD_DELAY
  -------         PROC          _LCD_WRITECOMMAND
  D:0007H         SYMBOL        Command
  C:0464H         LINE#         32
  C:0464H         LINE#         33
  C:0464H         LINE#         34
  C:0466H         LINE#         35
  C:0466H         LINE#         36
  C:0466H         LINE#         37
BL51 BANKED LINKER/LOCATER V6.22.4.0                                                  12/14/2023  13:47:11  PAGE 5


  C:0466H         LINE#         38
  C:0469H         LINE#         39
  C:046BH         LINE#         40
  -------         ENDPROC       _LCD_WRITECOMMAND
  -------         PROC          L?0047
  -------         ENDPROC       L?0047
  -------         PROC          _LCD_WRITEDATA
  D:0007H         SYMBOL        Data
  C:03DFH         LINE#         48
  C:03DFH         LINE#         49
  C:03DFH         LINE#         50
  C:03E1H         LINE#         51
  C:03E1H         LINE#         52
  C:03E1H         LINE#         53
  C:03E1H         LINE#         54
  C:03E4H         LINE#         55
  C:03E6H         LINE#         56
  -------         ENDPROC       _LCD_WRITEDATA
  -------         PROC          _LCD_SETCURSOR
  D:0006H         SYMBOL        Line
  D:0005H         SYMBOL        Column
  C:0420H         LINE#         65
  C:0422H         LINE#         66
  C:0422H         LINE#         67
  C:0425H         LINE#         68
  C:0425H         LINE#         69
  C:0427H         LINE#         70
  C:0429H         LINE#         71
  C:042CH         LINE#         72
  C:042CH         LINE#         73
  C:0435H         LINE#         74
  C:0435H         LINE#         75
  -------         ENDPROC       _LCD_SETCURSOR
  -------         PROC          LCD_INIT
  C:0436H         LINE#         82
  C:0436H         LINE#         83
  C:0436H         LINE#         84
  C:043BH         LINE#         85
  C:0440H         LINE#         86
  C:0445H         LINE#         87
  -------         ENDPROC       LCD_INIT
  -------         PROC          _LCD_SHOWCHAR
  D:0006H         SYMBOL        Line
  D:0005H         SYMBOL        Column
  D:0004H         SYMBOL        Char
  C:046EH         LINE#         97
  C:0470H         LINE#         98
  C:0470H         LINE#         99
  C:0473H         LINE#         100
  -------         ENDPROC       _LCD_SHOWCHAR
  -------         PROC          _LCD_SHOWSTRING
  D:0007H         SYMBOL        Line
  D:0005H         SYMBOL        Column
  D:0008H         SYMBOL        String
  -------         DO            
  D:0005H         SYMBOL        i
  -------         ENDDO         
BL51 BANKED LINKER/LOCATER V6.22.4.0                                                  12/14/2023  13:47:11  PAGE 6


  C:03A8H         LINE#         110
  C:03AEH         LINE#         111
  C:03AEH         LINE#         113
  C:03B1H         LINE#         114
  C:03C4H         LINE#         115
  C:03C4H         LINE#         116
  C:03C7H         LINE#         117
  C:03CAH         LINE#         118
  -------         ENDPROC       _LCD_SHOWSTRING
  C:034FH         SYMBOL        L?0046
  -------         PROC          L?0045
  -------         ENDPROC       L?0045
  C:034FH         SYMBOL        L?0046
  -------         PROC          _LCD_POW
  D:000DH         SYMBOL        X
  D:000FH         SYMBOL        Y
  -------         DO            
  D:0003H         SYMBOL        i
  D:0006H         SYMBOL        Result
  -------         ENDDO         
  C:0359H         LINE#         123
  C:0361H         LINE#         124
  C:0361H         LINE#         126
  C:0365H         LINE#         127
  C:0375H         LINE#         128
  C:0375H         LINE#         129
  C:037CH         LINE#         130
  C:037FH         LINE#         131
  C:037FH         LINE#         132
  -------         ENDPROC       _LCD_POW
  -------         PROC          _LCD_SHOWNUM
  D:0007H         SYMBOL        Line
  D:0005H         SYMBOL        Column
  D:000AH         SYMBOL        Number
  D:000CH         SYMBOL        Length
  -------         DO            
  D:0002H         SYMBOL        i
  -------         ENDDO         
  C:03E9H         LINE#         142
  C:03EDH         LINE#         143
  C:03EDH         LINE#         145
  C:03F0H         LINE#         146
  C:03F8H         LINE#         147
  C:03F8H         LINE#         148
  C:0402H         LINE#         149
  C:0405H         LINE#         150
  -------         ENDPROC       _LCD_SHOWNUM
  -------         PROC          _LCD_SHOWSIGNEDNUM
  D:0007H         SYMBOL        Line
  D:0005H         SYMBOL        Column
  D:0002H         SYMBOL        Number
  D:0015H         SYMBOL        Length
  -------         DO            
  D:0002H         SYMBOL        i
  D:0016H         SYMBOL        Number1
  -------         ENDDO         
  C:02A2H         LINE#         160
BL51 BANKED LINKER/LOCATER V6.22.4.0                                                  12/14/2023  13:47:11  PAGE 7


  C:02A2H         LINE#         161
  C:02A2H         LINE#         164
  C:02A5H         LINE#         165
  C:02ADH         LINE#         166
  C:02ADH         LINE#         167
  C:02B2H         LINE#         168
  C:02B6H         LINE#         169
  C:02B8H         LINE#         171
  C:02B8H         LINE#         172
  C:02BDH         LINE#         173
  C:02C6H         LINE#         174
  C:02C6H         LINE#         175
  C:02CEH         LINE#         176
  C:02CEH         LINE#         177
  C:02D8H         LINE#         178
  C:02DBH         LINE#         179
  -------         ENDPROC       _LCD_SHOWSIGNEDNUM
  -------         PROC          _LCD_SHOWHEXNUM
  D:0007H         SYMBOL        Line
  D:0005H         SYMBOL        Column
  D:001AH         SYMBOL        Number
  D:001CH         SYMBOL        Length
  -------         DO            
  D:0002H         SYMBOL        i
  D:0006H         SYMBOL        SingleNumber
  -------         ENDDO         
  C:02DCH         LINE#         189
  C:02E0H         LINE#         190
  C:02E0H         LINE#         192
  C:02E3H         LINE#         193
  C:02EBH         LINE#         194
  C:02EBH         LINE#         195
  C:0301H         LINE#         196
  C:0307H         LINE#         197
  C:0307H         LINE#         198
  C:0309H         LINE#         199
  C:030BH         LINE#         201
  C:030BH         LINE#         202
  C:0311H         LINE#         203
  C:0311H         LINE#         204
  C:0314H         LINE#         205
  -------         ENDPROC       _LCD_SHOWHEXNUM
  -------         PROC          _LCD_SHOWBINNUM
  D:0007H         SYMBOL        Line
  D:0005H         SYMBOL        Column
  D:001FH         SYMBOL        Number
  D:0021H         SYMBOL        Length
  -------         DO            
  D:0002H         SYMBOL        i
  -------         ENDDO         
  C:0315H         LINE#         215
  C:0319H         LINE#         216
  C:0319H         LINE#         218
  C:031CH         LINE#         219
  C:0324H         LINE#         220
  C:0324H         LINE#         221
  C:0349H         LINE#         222
BL51 BANKED LINKER/LOCATER V6.22.4.0                                                  12/14/2023  13:47:11  PAGE 8


  C:034CH         LINE#         223
  -------         ENDPROC       _LCD_SHOWBINNUM
  -------         ENDMOD        LCD1602

  -------         MODULE        MATRIXKEY2
  C:0000H         SYMBOL        _ICE_DUMMY_
  D:0080H         PUBLIC        P0
  D:0090H         PUBLIC        P1
  D:00A0H         PUBLIC        P2
  D:00B0H         PUBLIC        P3
  D:00E8H         PUBLIC        P4
  D:00A8H         PUBLIC        IE
  D:00B8H         PUBLIC        IP
  B:0090H.0       PUBLIC        P10
  B:0090H.1       PUBLIC        P11
  B:0090H.2       PUBLIC        P12
  D:0098H         PUBLIC        SCON
  B:0090H.3       PUBLIC        P13
  D:0088H         PUBLIC        TCON
  B:0090H.4       PUBLIC        P14
  B:0090H.5       PUBLIC        P15
  B:0090H.6       PUBLIC        P16
  B:0090H.7       PUBLIC        P17
  C:023CH         PUBLIC        MatrixKey2
  D:00C8H         PUBLIC        T2CON
  D:00D0H         PUBLIC        PSW
  -------         PROC          MATRIXKEY2
  -------         DO            
  D:0007H         SYMBOL        Keynumber
  -------         ENDDO         
  C:023CH         LINE#         12
  C:023CH         LINE#         13
  C:023CH         LINE#         14
  C:023EH         LINE#         16
  C:0241H         LINE#         17
  C:0243H         LINE#         18
  C:0246H         LINE#         19
  C:0246H         LINE#         20
  C:0247H         LINE#         21
  C:0247H         LINE#         22
  C:024AH         LINE#         23
  C:024AH         LINE#         24
  C:024CH         LINE#         25
  C:024CH         LINE#         26
  C:024FH         LINE#         27
  C:024FH         LINE#         28
  C:0251H         LINE#         29
  C:0251H         LINE#         30
  C:0254H         LINE#         31
  C:0254H         LINE#         32
  C:0256H         LINE#         33
  C:0256H         LINE#         35
  C:0259H         LINE#         36
  C:025BH         LINE#         37
  C:025EH         LINE#         38
  C:025EH         LINE#         39
  C:0260H         LINE#         40
BL51 BANKED LINKER/LOCATER V6.22.4.0                                                  12/14/2023  13:47:11  PAGE 9


  C:0260H         LINE#         41
  C:0263H         LINE#         42
  C:0263H         LINE#         43
  C:0265H         LINE#         44
  C:0265H         LINE#         45
  C:0268H         LINE#         46
  C:0268H         LINE#         47
  C:026AH         LINE#         48
  C:026AH         LINE#         49
  C:026DH         LINE#         50
  C:026DH         LINE#         51
  C:026FH         LINE#         52
  C:026FH         LINE#         54
  C:0272H         LINE#         55
  C:0274H         LINE#         56
  C:0277H         LINE#         57
  C:0277H         LINE#         58
  C:0279H         LINE#         59
  C:0279H         LINE#         60
  C:027CH         LINE#         61
  C:027CH         LINE#         62
  C:027EH         LINE#         63
  C:027EH         LINE#         64
  C:0281H         LINE#         65
  C:0281H         LINE#         66
  C:0283H         LINE#         67
  C:0283H         LINE#         68
  C:0286H         LINE#         69
  C:0286H         LINE#         70
  C:0288H         LINE#         71
  C:0288H         LINE#         73
  C:028BH         LINE#         74
  C:028DH         LINE#         75
  C:0290H         LINE#         76
  C:0290H         LINE#         77
  C:0292H         LINE#         78
  C:0292H         LINE#         79
  C:0295H         LINE#         80
  C:0295H         LINE#         81
  C:0297H         LINE#         82
  C:0297H         LINE#         83
  C:029AH         LINE#         84
  C:029AH         LINE#         85
  C:029CH         LINE#         86
  C:029CH         LINE#         87
  C:029FH         LINE#         88
  C:029FH         LINE#         89
  C:02A1H         LINE#         90
  C:02A1H         LINE#         92
  C:02A1H         LINE#         93
  -------         ENDPROC       MATRIXKEY2
  -------         ENDMOD        MATRIXKEY2

  -------         MODULE        MATRIXKEY
  C:0000H         SYMBOL        _ICE_DUMMY_
  D:0080H         PUBLIC        P0
  D:0090H         PUBLIC        P1
BL51 BANKED LINKER/LOCATER V6.22.4.0                                                  12/14/2023  13:47:11  PAGE 10


  D:00A0H         PUBLIC        P2
  D:00B0H         PUBLIC        P3
  D:00E8H         PUBLIC        P4
  D:00A8H         PUBLIC        IE
  D:00B8H         PUBLIC        IP
  C:0003H         PUBLIC        MatrixKey
  B:0090H.0       PUBLIC        P10
  B:0090H.1       PUBLIC        P11
  B:0090H.2       PUBLIC        P12
  D:0098H         PUBLIC        SCON
  B:0090H.3       PUBLIC        P13
  D:0088H         PUBLIC        TCON
  B:0090H.4       PUBLIC        P14
  B:0090H.5       PUBLIC        P15
  B:0090H.6       PUBLIC        P16
  B:0090H.7       PUBLIC        P17
  C:0459H         PUBLIC        _delay_10us
  D:00C8H         PUBLIC        T2CON
  D:00D0H         PUBLIC        PSW
  -------         PROC          MATRIXKEY
  -------         DO            
  D:0023H         SYMBOL        KeyNumber
  -------         ENDDO         
  C:0003H         LINE#         12
  C:0003H         LINE#         13
  C:0003H         LINE#         14
  C:0006H         LINE#         16
  C:0009H         LINE#         17
  C:000BH         LINE#         19
  C:000EH         LINE#         20
  C:000EH         LINE#         21
  C:0014H         LINE#         22
  C:0017H         LINE#         23
  C:001AH         LINE#         24
  C:001AH         LINE#         25
  C:001DH         LINE#         26
  C:001DH         LINE#         27
  C:0024H         LINE#         28
  C:0027H         LINE#         29
  C:002AH         LINE#         30
  C:002AH         LINE#         31
  C:002DH         LINE#         32
  C:002DH         LINE#         33
  C:0034H         LINE#         34
  C:0037H         LINE#         35
  C:003AH         LINE#         36
  C:003AH         LINE#         37
  C:003DH         LINE#         38
  C:003DH         LINE#         39
  C:0044H         LINE#         40
  C:0047H         LINE#         41
  C:004AH         LINE#         42
  C:004AH         LINE#         45
  C:004DH         LINE#         46
  C:004FH         LINE#         47
  C:0052H         LINE#         48
  C:0052H         LINE#         49
BL51 BANKED LINKER/LOCATER V6.22.4.0                                                  12/14/2023  13:47:11  PAGE 11


  C:0059H         LINE#         50
  C:005CH         LINE#         51
  C:005FH         LINE#         52
  C:005FH         LINE#         53
  C:0062H         LINE#         54
  C:0062H         LINE#         55
  C:0069H         LINE#         56
  C:006CH         LINE#         57
  C:006FH         LINE#         58
  C:006FH         LINE#         59
  C:0072H         LINE#         60
  C:0072H         LINE#         61
  C:0079H         LINE#         62
  C:007CH         LINE#         63
  C:007FH         LINE#         64
  C:007FH         LINE#         65
  C:0082H         LINE#         66
  C:0082H         LINE#         67
  C:0089H         LINE#         68
  C:008CH         LINE#         69
  C:008FH         LINE#         70
  C:008FH         LINE#         72
  C:0092H         LINE#         73
  C:0094H         LINE#         74
  C:0097H         LINE#         75
  C:0097H         LINE#         76
  C:009EH         LINE#         77
  C:00A1H         LINE#         78
  C:00A4H         LINE#         79
  C:00A4H         LINE#         80
  C:00A7H         LINE#         81
  C:00A7H         LINE#         82
  C:00AEH         LINE#         83
  C:00B1H         LINE#         84
  C:00B4H         LINE#         85
  C:00B4H         LINE#         86
  C:00B7H         LINE#         87
  C:00B7H         LINE#         88
  C:00BEH         LINE#         89
  C:00C1H         LINE#         90
  C:00C4H         LINE#         91
  C:00C4H         LINE#         92
  C:00C7H         LINE#         93
  C:00C7H         LINE#         94
  C:00CEH         LINE#         95
  C:00D1H         LINE#         96
  C:00D4H         LINE#         97
  C:00D4H         LINE#         99
  C:00D7H         LINE#         100
  C:00D9H         LINE#         101
  C:00DCH         LINE#         102
  C:00DCH         LINE#         103
  C:00E3H         LINE#         104
  C:00E6H         LINE#         105
  C:00E9H         LINE#         106
  C:00E9H         LINE#         107
  C:00ECH         LINE#         108
BL51 BANKED LINKER/LOCATER V6.22.4.0                                                  12/14/2023  13:47:11  PAGE 12


  C:00ECH         LINE#         109
  C:00F3H         LINE#         110
  C:00F6H         LINE#         111
  C:00F9H         LINE#         112
  C:00F9H         LINE#         113
  C:00FCH         LINE#         114
  C:00FCH         LINE#         115
  C:0103H         LINE#         116
  C:0106H         LINE#         117
  C:0109H         LINE#         118
  C:0109H         LINE#         119
  C:010CH         LINE#         120
  C:010CH         LINE#         121
  C:0113H         LINE#         122
  C:0116H         LINE#         123
  C:0119H         LINE#         124
  C:0119H         LINE#         126
  C:011BH         LINE#         127
  -------         ENDPROC       MATRIXKEY
  -------         PROC          _DELAY_10US
  D:0006H         SYMBOL        ten_us
  C:0459H         LINE#         138
  C:0459H         LINE#         139
  C:0459H         LINE#         140
  C:0463H         LINE#         141
  -------         ENDPROC       _DELAY_10US
  -------         ENDMOD        MATRIXKEY

  -------         MODULE        ?C?CLDOPTR
  C:011CH         PUBLIC        ?C?CLDOPTR
  -------         ENDMOD        ?C?CLDOPTR

  -------         MODULE        ?C?IMUL
  C:0149H         PUBLIC        ?C?IMUL
  -------         ENDMOD        ?C?IMUL

  -------         MODULE        ?C?UIDIV
  C:015BH         PUBLIC        ?C?UIDIV
  -------         ENDMOD        ?C?UIDIV

*** WARNING L16: UNCALLED SEGMENT, IGNORED FOR OVERLAY PROCESS
    SEGMENT: ?PR?_LCD_SHOWCHAR?LCD1602

*** WARNING L16: UNCALLED SEGMENT, IGNORED FOR OVERLAY PROCESS
    SEGMENT: ?PR?_LCD_SHOWSIGNEDNUM?LCD1602

*** WARNING L16: UNCALLED SEGMENT, IGNORED FOR OVERLAY PROCESS
    SEGMENT: ?PR?_LCD_SHOWHEXNUM?LCD1602

*** WARNING L16: UNCALLED SEGMENT, IGNORED FOR OVERLAY PROCESS
    SEGMENT: ?PR?_LCD_SHOWBINNUM?LCD1602

*** WARNING L16: UNCALLED SEGMENT, IGNORED FOR OVERLAY PROCESS
    SEGMENT: ?PR?MATRIXKEY?MATRIXKEY

*** WARNING L16: UNCALLED SEGMENT, IGNORED FOR OVERLAY PROCESS
    SEGMENT: ?PR?_DELAY_10US?MATRIXKEY
BL51 BANKED LINKER/LOCATER V6.22.4.0                                                  12/14/2023  13:47:11  PAGE 13



Program Size: data=37.0 xdata=0 code=1154
LINK/LOCATE RUN COMPLETE.  6 WARNING(S),  0 ERROR(S)
