BL51 BANKED LINKER/LOCATER V6.22                                                        11/15/2023  12:40:24  PAGE 1


BL51 BANKED LINKER/LOCATER V6.22, INVOKED BY:
F:\51_A2\DATA\SOFTWARE\KEIL5 C51\C51INSTALL\C51\BIN\BL51.EXE .\Objects\main.obj TO .\Objects\project PRINT (.\Listings\p
>> roject.m51) RAMSIZE (256)


MEMORY MODEL: SMALL


INPUT MODULES INCLUDED:
  .\Objects\main.obj (MAIN)
  F:\51_A2\DATA\SOFTWARE\KEIL5 C51\C51INSTALL\C51\LIB\C51S.LIB (?C_STARTUP)


LINK MAP OF MODULE:  .\Objects\project (MAIN)


            TYPE    BASE      LENGTH    RELOCATION   SEGMENT NAME
            -----------------------------------------------------

            * * * * * * *   D A T A   M E M O R Y   * * * * * * *
            REG     0000H     0008H     ABSOLUTE     "REG BANK 0"
            IDATA   0008H     0001H     UNIT         ?STACK

            * * * * * * *   C O D E   M E M O R Y   * * * * * * *
            CODE    0000H     0003H     ABSOLUTE     
            CODE    0003H     001DH     UNIT         ?PR?MAIN?MAIN
            CODE    0020H     0019H     UNIT         ?PR?_DELAY?MAIN
            CODE    0039H     000CH     UNIT         ?C_C51STARTUP



OVERLAY MAP OF MODULE:   .\Objects\project (MAIN)


SEGMENT
  +--> CALLED SEGMENT
---------------------
?C_C51STARTUP
  +--> ?PR?MAIN?MAIN

?PR?MAIN?MAIN
  +--> ?PR?_DELAY?MAIN



SYMBOL TABLE OF MODULE:  .\Objects\project (MAIN)

  VALUE           TYPE          NAME
  ----------------------------------

  -------         MODULE        MAIN
  C:0000H         SYMBOL        _ICE_DUMMY_
  D:0080H         PUBLIC        P0
  D:0090H         PUBLIC        P1
  D:00A0H         PUBLIC        P2
  D:00B0H         PUBLIC        P3
  D:00E8H         PUBLIC        P4
  D:00A8H         PUBLIC        IE
BL51 BANKED LINKER/LOCATER V6.22                                                      11/15/2023  12:40:24  PAGE 2


  D:00B8H         PUBLIC        IP
  C:0003H         PUBLIC        main
  D:0098H         PUBLIC        SCON
  B:00B0H.1       PUBLIC        P31
  D:0088H         PUBLIC        TCON
  D:00C8H         PUBLIC        T2CON
  C:0020H         PUBLIC        _Delay
  D:00D0H         PUBLIC        PSW
  -------         PROC          _DELAY
  D:0006H         SYMBOL        xms
  -------         DO            
  D:0005H         SYMBOL        i
  D:0004H         SYMBOL        j
  -------         ENDDO         
  C:0020H         LINE#         246
  C:0020H         LINE#         247
  C:0020H         LINE#         250
  C:0029H         LINE#         251
  C:0029H         LINE#         252
  C:002BH         LINE#         253
  C:002DH         LINE#         255
  C:002DH         LINE#         256
  C:002FH         LINE#         257
  C:0031H         LINE#         258
  C:0036H         LINE#         259
  C:0038H         LINE#         260
  -------         ENDPROC       _DELAY
  -------         PROC          MAIN
  -------         DO            
  D:0003H         SYMBOL        LED_num
  -------         ENDDO         
  C:0003H         LINE#         3
  C:0003H         LINE#         4
  C:0003H         LINE#         5
  C:0005H         LINE#         6
  C:0005H         LINE#         7
  C:0005H         LINE#         8
  C:0008H         LINE#         9
  C:0008H         LINE#         10
  C:000FH         LINE#         12
  C:0012H         LINE#         13
  C:0019H         LINE#         15
  C:001DH         LINE#         16
  C:001EH         LINE#         17
  C:001EH         LINE#         19
  -------         ENDPROC       MAIN
  -------         ENDMOD        MAIN

Program Size: data=9.0 xdata=0 code=69
LINK/LOCATE RUN COMPLETE.  0 WARNING(S),  0 ERROR(S)
