BL51 BANKED LINKER/LOCATER V6.22                                                        11/15/2023  11:27:48  PAGE 1


BL51 BANKED LINKER/LOCATER V6.22, INVOKED BY:
F:\51_A2\DATA\SOFTWARE\KEIL5 C51\C51INSTALL\C51\BIN\BL51.EXE .\Objects\main.obj TO .\Objects\project PRINT (.\Listings\p
>> roject.m51) RAMSIZE (256)


MEMORY MODEL: SMALL


INPUT MODULES INCLUDED:
  .\Objects\main.obj (MAIN)
  F:\51_A2\DATA\SOFTWARE\KEIL5 C51\C51INSTALL\C51\LIB\C51S.LIB (?C_STARTUP)


LINK MAP OF MODULE:  .\Objects\project (MAIN)


            TYPE    BASE      LENGTH    RELOCATION   SEGMENT NAME
            -----------------------------------------------------

            * * * * * * *   D A T A   M E M O R Y   * * * * * * *
            REG     0000H     0008H     ABSOLUTE     "REG BANK 0"
            IDATA   0008H     0001H     UNIT         ?STACK

            * * * * * * *   C O D E   M E M O R Y   * * * * * * *
            CODE    0000H     0003H     ABSOLUTE     
            CODE    0003H     0010H     UNIT         ?PR?MAIN?MAIN
            CODE    0013H     000CH     UNIT         ?C_C51STARTUP



OVERLAY MAP OF MODULE:   .\Objects\project (MAIN)


SEGMENT
  +--> CALLED SEGMENT
---------------------
?C_C51STARTUP
  +--> ?PR?MAIN?MAIN



SYMBOL TABLE OF MODULE:  .\Objects\project (MAIN)

  VALUE           TYPE          NAME
  ----------------------------------

  -------         MODULE        MAIN
  C:0000H         SYMBOL        _ICE_DUMMY_
  D:0080H         PUBLIC        P0
  D:0090H         PUBLIC        P1
  D:00A0H         PUBLIC        P2
  D:00B0H         PUBLIC        P3
  D:00E8H         PUBLIC        P4
  D:00A8H         PUBLIC        IE
  B:00A0H.0       PUBLIC        P2_0
  D:00B8H         PUBLIC        IP
  C:0003H         PUBLIC        main
  B:00B0H.0       PUBLIC        P30
BL51 BANKED LINKER/LOCATER V6.22                                                      11/15/2023  11:27:48  PAGE 2


  D:0098H         PUBLIC        SCON
  B:00B0H.1       PUBLIC        P31
  D:0088H         PUBLIC        TCON
  D:00C8H         PUBLIC        T2CON
  D:00D0H         PUBLIC        PSW
  -------         PROC          MAIN
  C:0003H         LINE#         3
  C:0003H         LINE#         4
  C:0003H         LINE#         6
  C:0005H         LINE#         8
  C:0005H         LINE#         9
  C:0005H         LINE#         10
  C:000BH         LINE#         11
  C:000BH         LINE#         12
  C:000DH         LINE#         13
  C:000FH         LINE#         15
  C:000FH         LINE#         16
  C:0011H         LINE#         17
  C:0011H         LINE#         18
  -------         ENDPROC       MAIN
  -------         ENDMOD        MAIN

Program Size: data=9.0 xdata=0 code=31
LINK/LOCATE RUN COMPLETE.  0 WARNING(S),  0 ERROR(S)
