BL51 BANKED LINKER/LOCATER V6.22.4.0                                                    12/07/2023  20:23:15  PAGE 1


BL51 BANKED LINKER/LOCATER V6.22.4.0, INVOKED BY:
F:\KEIL5\C51\BIN\BL51.EXE .\Objects\mian.obj, .\Objects\Delay.obj, .\Objects\Uart.obj TO .\Objects\project PRINT (.\List
>> ings\project.m51) RAMSIZE (256)


MEMORY MODEL: SMALL


INPUT MODULES INCLUDED:
  .\Objects\mian.obj (MIAN)
  .\Objects\Delay.obj (DELAY)
  .\Objects\Uart.obj (UART)
  F:\KEIL5\C51\LIB\C51S.LIB (?C_STARTUP)
  F:\KEIL5\C51\LIB\C51S.LIB (?C_INIT)


LINK MAP OF MODULE:  .\Objects\project (MIAN)


            TYPE    BASE      LENGTH    RELOCATION   SEGMENT NAME
            -----------------------------------------------------

            * * * * * * *   D A T A   M E M O R Y   * * * * * * *
            REG     0000H     0008H     ABSOLUTE     "REG BANK 0"
            DATA    0008H     0001H     UNIT         ?DT?MIAN
            IDATA   0009H     0001H     UNIT         ?STACK

            * * * * * * *   C O D E   M E M O R Y   * * * * * * *
            CODE    0000H     0003H     ABSOLUTE     
            CODE    0003H     008CH     UNIT         ?C_C51STARTUP
            CODE    008FH     001DH     UNIT         ?PR?UART_INIT?UART
            CODE    00ACH     001AH     UNIT         ?PR?_DELAY?DELAY
            CODE    00C6H     0015H     UNIT         ?PR?MAIN?MIAN
            CODE    00DBH     0008H     UNIT         ?PR?_UART_SENDBYTE?UART
            CODE    00E3H     0004H     UNIT         ?C_INITSEG



OVERLAY MAP OF MODULE:   .\Objects\project (MIAN)


SEGMENT
  +--> CALLED SEGMENT
---------------------
?C_C51STARTUP
  +--> ?PR?MAIN?MIAN
  +--> ?C_INITSEG

?PR?MAIN?MIAN
  +--> ?PR?UART_INIT?UART
  +--> ?PR?_UART_SENDBYTE?UART
  +--> ?PR?_DELAY?DELAY



SYMBOL TABLE OF MODULE:  .\Objects\project (MIAN)

  VALUE           TYPE          NAME
BL51 BANKED LINKER/LOCATER V6.22.4.0                                                  12/07/2023  20:23:15  PAGE 2


  ----------------------------------

  -------         MODULE        MIAN
  C:0000H         SYMBOL        _ICE_DUMMY_
  D:0080H         PUBLIC        P0
  D:0090H         PUBLIC        P1
  D:00A0H         PUBLIC        P2
  D:00B0H         PUBLIC        P3
  D:00E8H         PUBLIC        P4
  D:00A8H         PUBLIC        IE
  D:00B8H         PUBLIC        IP
  C:00C6H         PUBLIC        main
  D:0098H         PUBLIC        SCON
  D:0088H         PUBLIC        TCON
  D:0008H         PUBLIC        sec
  D:00C8H         PUBLIC        T2CON
  D:00D0H         PUBLIC        PSW
  -------         PROC          MAIN
  C:00C6H         LINE#         7
  C:00C6H         LINE#         8
  C:00C6H         LINE#         9
  C:00C9H         LINE#         10
  C:00C9H         LINE#         11
  C:00C9H         LINE#         12
  C:00D0H         LINE#         13
  C:00D2H         LINE#         14
  C:00D9H         LINE#         15
  -------         ENDPROC       MAIN
  -------         ENDMOD        MIAN

  -------         MODULE        DELAY
  C:0000H         SYMBOL        _ICE_DUMMY_
  D:0080H         PUBLIC        P0
  D:0090H         PUBLIC        P1
  D:00A0H         PUBLIC        P2
  D:00B0H         PUBLIC        P3
  D:00E8H         PUBLIC        P4
  D:00A8H         PUBLIC        IE
  D:00B8H         PUBLIC        IP
  D:0098H         PUBLIC        SCON
  D:0088H         PUBLIC        TCON
  D:00C8H         PUBLIC        T2CON
  C:00ACH         PUBLIC        _Delay
  D:00D0H         PUBLIC        PSW
  -------         PROC          _DELAY
  D:0006H         SYMBOL        xms
  -------         DO            
  D:0005H         SYMBOL        i
  D:0004H         SYMBOL        j
  -------         ENDDO         
  C:00ACH         LINE#         5
  C:00ACH         LINE#         6
  C:00ACH         LINE#         9
  C:00B5H         LINE#         10
  C:00B5H         LINE#         11
  C:00B6H         LINE#         12
  C:00B8H         LINE#         13
BL51 BANKED LINKER/LOCATER V6.22.4.0                                                  12/07/2023  20:23:15  PAGE 3


  C:00BAH         LINE#         15
  C:00BAH         LINE#         16
  C:00BCH         LINE#         17
  C:00BEH         LINE#         19
  C:00C3H         LINE#         20
  C:00C5H         LINE#         21
  -------         ENDPROC       _DELAY
  -------         ENDMOD        DELAY

  -------         MODULE        UART
  C:0000H         SYMBOL        _ICE_DUMMY_
  D:0080H         PUBLIC        P0
  D:0090H         PUBLIC        P1
  D:00A0H         PUBLIC        P2
  D:00B0H         PUBLIC        P3
  D:00E8H         PUBLIC        P4
  D:00A8H         PUBLIC        IE
  C:008FH         PUBLIC        Uart_Init
  D:00B8H         PUBLIC        IP
  B:0098H.1       PUBLIC        TI
  C:00DBH         PUBLIC        _Uart_SendByte
  D:0099H         PUBLIC        SBUF
  D:0087H         PUBLIC        PCON
  D:0098H         PUBLIC        SCON
  D:0089H         PUBLIC        TMOD
  D:0088H         PUBLIC        TCON
  D:008EH         PUBLIC        AUXR
  B:00A8H.3       PUBLIC        ET1
  D:008DH         PUBLIC        TH1
  D:008BH         PUBLIC        TL1
  B:0088H.6       PUBLIC        TR1
  D:00C8H         PUBLIC        T2CON
  D:00D0H         PUBLIC        PSW
  -------         PROC          UART_INIT
  C:008FH         LINE#         10
  C:008FH         LINE#         11
  C:008FH         LINE#         12
  C:0092H         LINE#         13
  C:0095H         LINE#         14
  C:0098H         LINE#         15
  C:009BH         LINE#         16
  C:009EH         LINE#         17
  C:00A1H         LINE#         18
  C:00A4H         LINE#         19
  C:00A7H         LINE#         20
  C:00A9H         LINE#         21
  C:00ABH         LINE#         22
  -------         ENDPROC       UART_INIT
  -------         PROC          _UART_SENDBYTE
  D:0006H         SYMBOL        Byte
  C:00DBH         LINE#         49
  C:00DBH         LINE#         51
  C:00DBH         LINE#         52
  C:00DDH         LINE#         54
  C:00E0H         LINE#         57
  C:00E2H         LINE#         59
  -------         ENDPROC       _UART_SENDBYTE
BL51 BANKED LINKER/LOCATER V6.22.4.0                                                  12/07/2023  20:23:15  PAGE 4


  -------         ENDMOD        UART

Program Size: data=10.0 xdata=0 code=231
LINK/LOCATE RUN COMPLETE.  0 WARNING(S),  0 ERROR(S)
