BL51 BANKED LINKER/LOCATER V6.22.4.0                                                    12/13/2023  08:13:55  PAGE 1


BL51 BANKED LINKER/LOCATER V6.22.4.0, INVOKED BY:
F:\KEIL5\C51\BIN\BL51.EXE .\Objects\main.obj, .\Objects\Delay.obj, .\Objects\MatrixLED.obj TO .\Objects\project PRINT (.
>> \Listings\project.m51) RAMSIZE (256)


MEMORY MODEL: SMALL


INPUT MODULES INCLUDED:
  .\Objects\main.obj (MAIN)
  .\Objects\Delay.obj (DELAY)
  .\Objects\MatrixLED.obj (MATRIXLED)
  F:\KEIL5\C51\LIB\C51S.LIB (?C_STARTUP)
  F:\KEIL5\C51\LIB\C51S.LIB (?C_INIT)


LINK MAP OF MODULE:  .\Objects\project (MAIN)


            TYPE    BASE      LENGTH    RELOCATION   SEGMENT NAME
            -----------------------------------------------------

            * * * * * * *   D A T A   M E M O R Y   * * * * * * *
            REG     0000H     0008H     ABSOLUTE     "REG BANK 0"
            DATA    0008H     0028H     UNIT         ?DT?MAIN
            DATA    0030H     0003H     UNIT         _DATA_GROUP_
            IDATA   0033H     0001H     UNIT         ?STACK

            * * * * * * *   C O D E   M E M O R Y   * * * * * * *
            CODE    0000H     0003H     ABSOLUTE     
            CODE    0003H     008CH     UNIT         ?C_C51STARTUP
            CODE    008FH     003EH     UNIT         ?PR?MAIN?MAIN
            CODE    00CDH     002DH     UNIT         ?PR?__74HC595_WRITEBYTE?MATRIXLED
            CODE    00FAH     002CH     UNIT         ?C_INITSEG
            CODE    0126H     0024H     UNIT         ?PR?_MATRIXLED_SHOWCOLMN?MATRIXLED
            CODE    014AH     001AH     UNIT         ?PR?_DELAY?DELAY
            CODE    0164H     0005H     UNIT         ?PR?MATRIXLED_INIT?MATRIXLED



OVERLAY MAP OF MODULE:   .\Objects\project (MAIN)


SEGMENT                                      DATA_GROUP 
  +--> CALLED SEGMENT                      START    LENGTH
----------------------------------------------------------
?C_C51STARTUP                              -----    -----
  +--> ?PR?MAIN?MAIN
  +--> ?C_INITSEG

?PR?MAIN?MAIN                              0030H    0003H
  +--> ?PR?MATRIXLED_INIT?MATRIXLED
  +--> ?PR?_MATRIXLED_SHOWCOLMN?MATRIXLED

?PR?_MATRIXLED_SHOWCOLMN?MATRIXLED         -----    -----
  +--> ?PR?__74HC595_WRITEBYTE?MATRIXLED
  +--> ?PR?_DELAY?DELAY

BL51 BANKED LINKER/LOCATER V6.22.4.0                                                  12/13/2023  08:13:55  PAGE 2




SYMBOL TABLE OF MODULE:  .\Objects\project (MAIN)

  VALUE           TYPE          NAME
  ----------------------------------

  -------         MODULE        MAIN
  C:0000H         SYMBOL        _ICE_DUMMY_
  D:0080H         PUBLIC        P0
  D:0090H         PUBLIC        P1
  D:00A0H         PUBLIC        P2
  D:00B0H         PUBLIC        P3
  D:00E8H         PUBLIC        P4
  D:00A8H         PUBLIC        IE
  D:00B8H         PUBLIC        IP
  D:0008H         PUBLIC        Animation
  C:008FH         PUBLIC        main
  D:0098H         PUBLIC        SCON
  D:0088H         PUBLIC        TCON
  D:00C8H         PUBLIC        T2CON
  D:00D0H         PUBLIC        PSW
  -------         PROC          MAIN
  -------         DO            
  D:0030H         SYMBOL        i
  D:0031H         SYMBOL        offset
  D:0032H         SYMBOL        count
  -------         ENDDO         
  C:008FH         LINE#         11
  C:008FH         LINE#         12
  C:008FH         LINE#         13
  C:0092H         LINE#         14
  C:0094H         LINE#         16
  C:0096H         LINE#         17
  C:0099H         LINE#         18
  C:0099H         LINE#         19
  C:0099H         LINE#         20
  C:009CH         LINE#         21
  C:009CH         LINE#         22
  C:00AAH         LINE#         23
  C:00B3H         LINE#         24
  C:00B5H         LINE#         25
  C:00BCH         LINE#         26
  C:00BCH         LINE#         27
  C:00BFH         LINE#         28
  C:00C1H         LINE#         29
  C:00C8H         LINE#         30
  C:00C8H         LINE#         31
  C:00CBH         LINE#         32
  C:00CBH         LINE#         34
  C:00CBH         LINE#         35
  -------         ENDPROC       MAIN
  -------         ENDMOD        MAIN

  -------         MODULE        DELAY
  C:0000H         SYMBOL        _ICE_DUMMY_
  D:0080H         PUBLIC        P0
BL51 BANKED LINKER/LOCATER V6.22.4.0                                                  12/13/2023  08:13:55  PAGE 3


  D:0090H         PUBLIC        P1
  D:00A0H         PUBLIC        P2
  D:00B0H         PUBLIC        P3
  D:00E8H         PUBLIC        P4
  D:00A8H         PUBLIC        IE
  D:00B8H         PUBLIC        IP
  D:0098H         PUBLIC        SCON
  D:0088H         PUBLIC        TCON
  D:00C8H         PUBLIC        T2CON
  C:014AH         PUBLIC        _Delay
  D:00D0H         PUBLIC        PSW
  -------         PROC          _DELAY
  D:0006H         SYMBOL        xms
  -------         DO            
  D:0005H         SYMBOL        i
  D:0004H         SYMBOL        j
  -------         ENDDO         
  C:014AH         LINE#         5
  C:014AH         LINE#         6
  C:014AH         LINE#         9
  C:0153H         LINE#         10
  C:0153H         LINE#         11
  C:0154H         LINE#         12
  C:0156H         LINE#         13
  C:0158H         LINE#         15
  C:0158H         LINE#         16
  C:015AH         LINE#         17
  C:015CH         LINE#         19
  C:0161H         LINE#         20
  C:0163H         LINE#         21
  -------         ENDPROC       _DELAY
  -------         ENDMOD        DELAY

  -------         MODULE        MATRIXLED
  C:0000H         SYMBOL        _ICE_DUMMY_
  D:0080H         PUBLIC        P0
  C:00CDH         PUBLIC        __74HC595_WriteByte
  D:0090H         PUBLIC        P1
  D:00A0H         PUBLIC        P2
  D:00B0H         PUBLIC        P3
  D:00E8H         PUBLIC        P4
  D:00A8H         PUBLIC        IE
  D:00B8H         PUBLIC        IP
  D:0098H         PUBLIC        SCON
  D:0088H         PUBLIC        TCON
  C:0164H         PUBLIC        MatrixLED_Init
  C:0126H         PUBLIC        _MatrixLED_ShowColmn
  B:00B0H.5       PUBLIC        RCK
  B:00B0H.6       PUBLIC        SCK
  D:00C8H         PUBLIC        T2CON
  B:00B0H.4       PUBLIC        SER
  D:00D0H         PUBLIC        PSW
  -------         PROC          __74HC595_WRITEBYTE
  D:0005H         SYMBOL        Byte
  -------         DO            
  D:0003H         SYMBOL        i
  -------         ENDDO         
BL51 BANKED LINKER/LOCATER V6.22.4.0                                                  12/13/2023  08:13:55  PAGE 4


  C:00CDH         LINE#         18
  C:00CFH         LINE#         19
  C:00CFH         LINE#         20
  C:00D1H         LINE#         21
  C:00D1H         LINE#         22
  C:00D1H         LINE#         23
  C:00EDH         LINE#         27
  C:00EFH         LINE#         28
  C:00F1H         LINE#         29
  C:00F5H         LINE#         31
  C:00F7H         LINE#         33
  C:00F9H         LINE#         34
  -------         ENDPROC       __74HC595_WRITEBYTE
  -------         PROC          _MATRIXLED_SHOWCOLMN
  D:0004H         SYMBOL        Column
  D:0006H         SYMBOL        Data
  C:0126H         LINE#         46
  C:012AH         LINE#         47
  C:012AH         LINE#         48
  C:012FH         LINE#         49
  C:013FH         LINE#         50
  C:0146H         LINE#         51
  C:0149H         LINE#         52
  -------         ENDPROC       _MATRIXLED_SHOWCOLMN
  -------         PROC          MATRIXLED_INIT
  C:0164H         LINE#         59
  C:0164H         LINE#         60
  C:0164H         LINE#         61
  C:0166H         LINE#         62
  C:0168H         LINE#         64
  -------         ENDPROC       MATRIXLED_INIT
  -------         ENDMOD        MATRIXLED

Program Size: data=52.0 xdata=0 code=361
LINK/LOCATE RUN COMPLETE.  0 WARNING(S),  0 ERROR(S)
