BL51 BANKED LINKER/LOCATER V6.22.4.0                                                    11/17/2023  22:26:23  PAGE 1


BL51 BANKED LINKER/LOCATER V6.22.4.0, INVOKED BY:
F:\KEIL5\C51\BIN\BL51.EXE .\Objects\main.obj TO .\Objects\project PRINT (.\Listings\project.m51) RAMSIZE (256)


MEMORY MODEL: SMALL


INPUT MODULES INCLUDED:
  .\Objects\main.obj (MAIN)
  F:\KEIL5\C51\LIB\C51S.LIB (?C_STARTUP)


LINK MAP OF MODULE:  .\Objects\project (MAIN)


            TYPE    BASE      LENGTH    RELOCATION   SEGMENT NAME
            -----------------------------------------------------

            * * * * * * *   D A T A   M E M O R Y   * * * * * * *
            REG     0000H     0008H     ABSOLUTE     "REG BANK 0"
            IDATA   0008H     0001H     UNIT         ?STACK

            * * * * * * *   C O D E   M E M O R Y   * * * * * * *
            CODE    0000H     0003H     ABSOLUTE     
            CODE    0003H     0019H     UNIT         ?PR?_DELAY?MAIN
            CODE    001CH     000CH     UNIT         ?C_C51STARTUP
            CODE    0028H     000BH     UNIT         ?PR?MAIN?MAIN



OVERLAY MAP OF MODULE:   .\Objects\project (MAIN)


SEGMENT
  +--> CALLED SEGMENT
---------------------
?C_C51STARTUP
  +--> ?PR?MAIN?MAIN



SYMBOL TABLE OF MODULE:  .\Objects\project (MAIN)

  VALUE           TYPE          NAME
  ----------------------------------

  -------         MODULE        MAIN
  C:0000H         SYMBOL        _ICE_DUMMY_
  D:0080H         PUBLIC        P0
  D:0090H         PUBLIC        P1
  D:00A0H         PUBLIC        P2
  D:00B0H         PUBLIC        P3
  D:00E8H         PUBLIC        P4
  D:00A8H         PUBLIC        IE
  B:00A0H.2       PUBLIC        P2_2
  B:00A0H.3       PUBLIC        P2_3
  B:00A0H.4       PUBLIC        P2_4
  D:00B8H         PUBLIC        IP
BL51 BANKED LINKER/LOCATER V6.22.4.0                                                  11/17/2023  22:26:23  PAGE 2


  C:0028H         PUBLIC        main
  D:0098H         PUBLIC        SCON
  D:0088H         PUBLIC        TCON
  D:00C8H         PUBLIC        T2CON
  C:0003H         PUBLIC        _Delay
  D:00D0H         PUBLIC        PSW
  -------         PROC          _DELAY
  D:0006H         SYMBOL        xms
  -------         DO            
  D:0005H         SYMBOL        i
  D:0004H         SYMBOL        j
  -------         ENDDO         
  C:0003H         LINE#         233
  C:0003H         LINE#         234
  C:0003H         LINE#         237
  C:000CH         LINE#         238
  C:000CH         LINE#         239
  C:000EH         LINE#         240
  C:0010H         LINE#         242
  C:0010H         LINE#         243
  C:0012H         LINE#         244
  C:0014H         LINE#         245
  C:0019H         LINE#         246
  C:001BH         LINE#         247
  -------         ENDPROC       _DELAY
  -------         PROC          MAIN
  C:0028H         LINE#         68
  C:0028H         LINE#         69
  C:0028H         LINE#         70
  C:002AH         LINE#         71
  C:002CH         LINE#         73
  C:002EH         LINE#         76
  C:0031H         LINE#         80
  C:0031H         LINE#         81
  C:0031H         LINE#         83
  -------         ENDPROC       MAIN
  -------         ENDMOD        MAIN

*** WARNING L16: UNCALLED SEGMENT, IGNORED FOR OVERLAY PROCESS
    SEGMENT: ?PR?_DELAY?MAIN

Program Size: data=9.0 xdata=0 code=51
LINK/LOCATE RUN COMPLETE.  1 WARNING(S),  0 ERROR(S)
