BL51 BANKED LINKER/LOCATER V6.22.4.0                                                    12/16/2023  14:39:45  PAGE 1


BL51 BANKED LINKER/LOCATER V6.22.4.0, INVOKED BY:
F:\KEIL5\C51\BIN\BL51.EXE .\Objects\main.obj, .\Objects\DS1302.obj, .\Objects\Delay.obj, .\Objects\NixieTube_Display.obj
>> , .\Objects\Uart.obj, .\Objects\Timer0.obj, .\Objects\MatrixKey.obj TO .\Objects\project PRINT (.\Listings\project.m5
>> 1) RAMSIZE (256)


MEMORY MODEL: SMALL


INPUT MODULES INCLUDED:
  .\Objects\main.obj (MAIN)
  .\Objects\DS1302.obj (DS1302)
  .\Objects\Delay.obj (DELAY)
  .\Objects\NixieTube_Display.obj (NIXIETUBE_DISPLAY)
  .\Objects\Uart.obj (UART)
  .\Objects\Timer0.obj (TIMER0)
  .\Objects\MatrixKey.obj (MATRIXKEY)
  F:\KEIL5\C51\LIB\C51S.LIB (?C_STARTUP)
  F:\KEIL5\C51\LIB\C51S.LIB (?C?SCDIV)
  F:\KEIL5\C51\LIB\C51S.LIB (?C_INIT)


LINK MAP OF MODULE:  .\Objects\project (MAIN)


            TYPE    BASE      LENGTH    RELOCATION   SEGMENT NAME
            -----------------------------------------------------

            * * * * * * *   D A T A   M E M O R Y   * * * * * * *
            REG     0000H     0008H     ABSOLUTE     "REG BANK 0"
            DATA    0008H     000FH     UNIT         ?DT?NIXIETUBE_DISPLAY
            DATA    0017H     000DH     UNIT         _DATA_GROUP_
            DATA    0024H     0008H     UNIT         ?DT?DS1302
            DATA    002CH     0003H     UNIT         ?DT?MAIN
            IDATA   002FH     0001H     UNIT         ?STACK

            * * * * * * *   C O D E   M E M O R Y   * * * * * * *
            CODE    0000H     0003H     ABSOLUTE     
            CODE    0003H     0005H     UNIT         ?PR?DS1302_INIT?DS1302
                    0008H     0003H                  *** GAP ***
            CODE    000BH     0003H     ABSOLUTE     
            CODE    000EH     024EH     UNIT         ?PR?_NIXIETUBE_DISPLAYTIME?NIXIETUBE_DISPLAY
            CODE    025CH     019BH     UNIT         ?PR?_DS1302_TIMECHANGE?DS1302
            CODE    03F7H     0102H     UNIT         ?PR?MAIN?MAIN
            CODE    04F9H     00D6H     UNIT         ?PR?MATRIXKEY?MATRIXKEY
            CODE    05CFH     008CH     UNIT         ?C_C51STARTUP
            CODE    065BH     0082H     UNIT         ?PR?_NIXIETUBE_DISPLAY?NIXIETUBE_DISPLAY
            CODE    06DDH     0053H     UNIT         ?PR?_DS1302_WRITE?DS1302
            CODE    0730H     0052H     UNIT         ?PR?_DS1302_READ?DS1302
            CODE    0782H     0036H     UNIT         ?PR?UART_SENTTIME?UART
            CODE    07B8H     0032H     UNIT         ?PR?DS1302_SETTIME?DS1302
            CODE    07EAH     0029H     UNIT         ?PR?TIMER0_ISR?MAIN
            CODE    0813H     0027H     UNIT         ?C_INITSEG
            CODE    083AH     0022H     UNIT         ?C?LIB_CODE
            CODE    085CH     0021H     UNIT         ?PR?NIXIETUBE_DISPLAYALARM?NIXIETUBE_DISPLAY
            CODE    087DH     001DH     UNIT         ?PR?UART_INIT?UART
            CODE    089AH     001AH     UNIT         ?PR?IS_CLOCK_ALARM?DS1302
            CODE    08B4H     001AH     UNIT         ?PR?_DELAY?DELAY
BL51 BANKED LINKER/LOCATER V6.22.4.0                                                  12/16/2023  14:39:45  PAGE 2


            CODE    08CEH     001AH     UNIT         ?PR?TIMER0_INIT?TIMER0
            CODE    08E8H     0019H     UNIT         ?PR?DS1302_READTIME?DS1302
            CODE    0901H     0013H     UNIT         ?PR?_DEC_TO_BCD?DS1302
            CODE    0914H     0013H     UNIT         ?PR?_UART_SENDBYTE?UART
            CODE    0927H     0012H     UNIT         ?PR?_BCD_TO_DEC?DS1302



OVERLAY MAP OF MODULE:   .\Objects\project (MAIN)


SEGMENT                                            DATA_GROUP 
  +--> CALLED SEGMENT                            START    LENGTH
----------------------------------------------------------------
?C_C51STARTUP                                    -----    -----
  +--> ?PR?MAIN?MAIN
  +--> ?C_INITSEG

?PR?MAIN?MAIN                                    0017H    0009H
  +--> ?PR?DS1302_INIT?DS1302
  +--> ?PR?DS1302_SETTIME?DS1302
  +--> ?PR?UART_INIT?UART
  +--> ?PR?TIMER0_INIT?TIMER0
  +--> ?PR?MATRIXKEY?MATRIXKEY
  +--> ?PR?UART_SENTTIME?UART
  +--> ?PR?_NIXIETUBE_DISPLAY?NIXIETUBE_DISPLAY
  +--> ?PR?IS_CLOCK_ALARM?DS1302
  +--> ?PR?NIXIETUBE_DISPLAYALARM?NIXIETUBE_...
  +--> ?PR?DS1302_READTIME?DS1302
  +--> ?PR?_NIXIETUBE_DISPLAYTIME?NIXIETUBE_...
  +--> ?PR?_DS1302_TIMECHANGE?DS1302

?PR?DS1302_SETTIME?DS1302                        -----    -----
  +--> ?PR?_DS1302_WRITE?DS1302
  +--> ?PR?_DEC_TO_BCD?DS1302

?PR?MATRIXKEY?MATRIXKEY                          -----    -----
  +--> ?PR?_DELAY?DELAY

?PR?UART_SENTTIME?UART                           -----    -----
  +--> ?PR?_UART_SENDBYTE?UART

?PR?_NIXIETUBE_DISPLAY?NIXIETUBE_DISPLAY         -----    -----
  +--> ?PR?_DELAY?DELAY

?PR?NIXIETUBE_DISPLAYALARM?NIXIETUBE_...         -----    -----
  +--> ?PR?_NIXIETUBE_DISPLAY?NIXIETUBE_DISPLAY

?PR?DS1302_READTIME?DS1302                       -----    -----
  +--> ?PR?_BCD_TO_DEC?DS1302
  +--> ?PR?_DS1302_READ?DS1302

?PR?_BCD_TO_DEC?DS1302                           -----    -----
  +--> ?PR?_DS1302_READ?DS1302

?PR?_NIXIETUBE_DISPLAYTIME?NIXIETUBE_...         0022H    0002H
  +--> ?PR?_NIXIETUBE_DISPLAY?NIXIETUBE_DISPLAY
BL51 BANKED LINKER/LOCATER V6.22.4.0                                                  12/16/2023  14:39:45  PAGE 3



?PR?_DS1302_TIMECHANGE?DS1302                    0020H    0002H
  +--> ?PR?MATRIXKEY?MATRIXKEY
  +--> ?PR?_NIXIETUBE_DISPLAYTIME?NIXIETUBE_...



SYMBOL TABLE OF MODULE:  .\Objects\project (MAIN)

  VALUE           TYPE          NAME
  ----------------------------------

  -------         MODULE        MAIN
  C:0000H         SYMBOL        _ICE_DUMMY_
  D:0080H         PUBLIC        P0
  D:0090H         PUBLIC        P1
  D:00A0H         PUBLIC        P2
  D:00B0H         PUBLIC        P3
  D:00E8H         PUBLIC        P4
  D:00A8H         PUBLIC        IE
  D:00B8H         PUBLIC        IP
  C:03F7H         PUBLIC        main
  D:002EH         PUBLIC        Flicker_Mark
  D:0098H         PUBLIC        SCON
  D:0088H         PUBLIC        TCON
  C:07EAH         PUBLIC        Timer0_Isr
  D:008CH         PUBLIC        TH0
  D:008AH         PUBLIC        TL0
  D:00C8H         PUBLIC        T2CON
  D:00D0H         PUBLIC        PSW
  -------         PROC          MAIN
  -------         DO            
  D:0017H         SYMBOL        Current_Time
  D:0018H         SYMBOL        Mode
  D:0019H         SYMBOL        Is_Clock_On
  D:001AH         SYMBOL        Clock_Mark
  D:001BH         SYMBOL        Key_Num
  D:001CH         SYMBOL        last_Key_Num
  D:001DH         SYMBOL        i
  D:001EH         SYMBOL        j
  -------         ENDDO         
  C:03F7H         LINE#         11
  C:03F7H         LINE#         12
  C:03F7H         LINE#         13
  C:03FAH         LINE#         14
  C:03FCH         LINE#         16
  C:03FEH         LINE#         17
  C:0400H         LINE#         20
  C:0402H         LINE#         21
  C:0404H         LINE#         23
  C:0406H         LINE#         24
  C:040AH         LINE#         27
  C:040DH         LINE#         28
  C:0410H         LINE#         30
  C:0413H         LINE#         31
  C:0416H         LINE#         33
  C:0416H         LINE#         34
BL51 BANKED LINKER/LOCATER V6.22.4.0                                                  12/16/2023  14:39:45  PAGE 4


  C:0416H         LINE#         35
  C:041BH         LINE#         36
  C:0424H         LINE#         38
  C:0424H         LINE#         39
  C:042AH         LINE#         40
  C:042DH         LINE#         42
  C:042DH         LINE#         44
  C:0436H         LINE#         45
  C:0436H         LINE#         46
  C:0439H         LINE#         47
  C:0439H         LINE#         48
  C:0442H         LINE#         49
  C:0442H         LINE#         50
  C:0445H         LINE#         51
  C:0445H         LINE#         53
  C:044EH         LINE#         54
  C:044EH         LINE#         55
  C:0451H         LINE#         56
  C:0451H         LINE#         58
  C:045AH         LINE#         59
  C:045AH         LINE#         60
  C:045CH         LINE#         61
  C:045FH         LINE#         62
  C:045FH         LINE#         63
  C:0462H         LINE#         66
  C:046FH         LINE#         67
  C:046FH         LINE#         68
  C:046FH         LINE#         70
  C:0475H         LINE#         71
  C:0475H         LINE#         72
  C:047CH         LINE#         73
  C:0485H         LINE#         75
  C:048AH         LINE#         76
  C:048AH         LINE#         77
  C:0492H         LINE#         78
  C:04A0H         LINE#         79
  C:04A3H         LINE#         80
  C:04B2H         LINE#         81
  C:04B2H         LINE#         82
  C:04B6H         LINE#         83
  C:04B8H         LINE#         84
  C:04B8H         LINE#         85
  C:04BBH         LINE#         87
  C:04BBH         LINE#         88
  C:04BBH         LINE#         89
  C:04BBH         LINE#         90
  C:04BBH         LINE#         91
  C:04BDH         LINE#         93
  C:04BDH         LINE#         94
  C:04C0H         LINE#         95
  C:04C6H         LINE#         96
  C:04C6H         LINE#         97
  C:04C9H         LINE#         99
  C:04C9H         LINE#         101
  C:04CEH         LINE#         103
  C:04DEH         LINE#         104
  C:04E1H         LINE#         106
BL51 BANKED LINKER/LOCATER V6.22.4.0                                                  12/16/2023  14:39:45  PAGE 5


  C:04E1H         LINE#         108
  C:04E6H         LINE#         109
  C:04F6H         LINE#         110
  -------         ENDPROC       MAIN
  -------         PROC          TIMER0_ISR
  -------         DO            
  D:002CH         SYMBOL        T0_count
  -------         ENDDO         
  C:07EAH         LINE#         118
  C:07EEH         LINE#         122
  C:07F1H         LINE#         123
  C:07F4H         LINE#         125
  C:07FCH         LINE#         126
  C:0805H         LINE#         127
  C:0805H         LINE#         128
  C:080BH         LINE#         129
  C:080EH         LINE#         130
  C:080EH         LINE#         131
  -------         ENDPROC       TIMER0_ISR
  -------         ENDMOD        MAIN

  -------         MODULE        DS1302
  C:0000H         SYMBOL        _ICE_DUMMY_
  C:07B8H         PUBLIC        DS1302_SetTime
  D:0080H         PUBLIC        P0
  D:0090H         PUBLIC        P1
  D:00A0H         PUBLIC        P2
  D:00B0H         PUBLIC        P3
  D:00E8H         PUBLIC        P4
  D:00A8H         PUBLIC        IE
  D:00B8H         PUBLIC        IP
  C:025CH         PUBLIC        _DS1302_TimeChange
  C:092AH         PUBLIC        _BCD_To_DEC
  C:0901H         PUBLIC        _DEC_To_BCD
  D:0098H         PUBLIC        SCON
  D:0088H         PUBLIC        TCON
  C:0730H         PUBLIC        _DS1302_Read
  B:00B0H.5       PUBLIC        DS1302_CE
  C:06DDH         PUBLIC        _DS1302_Write
  C:08E8H         PUBLIC        DS1302_ReadTime
  D:0026H         PUBLIC        DS1302_Time
  C:0003H         PUBLIC        DS1302_Init
  B:00B0H.4       PUBLIC        DS1302_IO
  C:089AH         PUBLIC        Is_Clock_Alarm
  D:00C8H         PUBLIC        T2CON
  B:00B0H.6       PUBLIC        DS1302_SCLK
  D:00D0H         PUBLIC        PSW
  -------         PROC          DS1302_INIT
  C:0003H         LINE#         36
  C:0003H         LINE#         38
  C:0003H         LINE#         39
  C:0005H         LINE#         40
  C:0007H         LINE#         41
  -------         ENDPROC       DS1302_INIT
  -------         PROC          _DS1302_WRITE
  D:0001H         SYMBOL        Command
  D:0005H         SYMBOL        Data
BL51 BANKED LINKER/LOCATER V6.22.4.0                                                  12/16/2023  14:39:45  PAGE 6


  -------         DO            
  D:0003H         SYMBOL        i
  -------         ENDDO         
  C:06DDH         LINE#         44
  C:06DFH         LINE#         46
  C:06DFH         LINE#         47
  C:06E1H         LINE#         48
  C:06E3H         LINE#         49
  C:06E3H         LINE#         50
  C:06E3H         LINE#         51
  C:06FEH         LINE#         52
  C:0700H         LINE#         53
  C:0702H         LINE#         54
  C:0706H         LINE#         56
  C:0708H         LINE#         57
  C:0708H         LINE#         58
  C:0723H         LINE#         59
  C:0725H         LINE#         60
  C:0727H         LINE#         61
  C:072BH         LINE#         63
  C:072DH         LINE#         64
  C:072FH         LINE#         65
  -------         ENDPROC       _DS1302_WRITE
  -------         PROC          _DS1302_READ
  D:0005H         SYMBOL        Command
  -------         DO            
  D:0001H         SYMBOL        Data
  D:0003H         SYMBOL        i
  -------         ENDDO         
  C:0730H         LINE#         68
  C:0732H         LINE#         70
  C:0732H         LINE#         71
  C:0734H         LINE#         72
  C:0735H         LINE#         73
  C:0738H         LINE#         74
  C:073AH         LINE#         75
  C:073AH         LINE#         76
  C:073AH         LINE#         77
  C:073CH         LINE#         78
  C:0757H         LINE#         79
  C:0759H         LINE#         80
  C:075BH         LINE#         82
  C:075FH         LINE#         85
  C:0761H         LINE#         86
  C:0761H         LINE#         87
  C:0763H         LINE#         89
  C:0765H         LINE#         91
  C:0768H         LINE#         92
  C:0768H         LINE#         93
  C:0775H         LINE#         95
  C:0775H         LINE#         96
  C:0779H         LINE#         98
  C:077BH         LINE#         99
  C:077DH         LINE#         101
  C:077FH         LINE#         102
  C:0781H         LINE#         103
  -------         ENDPROC       _DS1302_READ
BL51 BANKED LINKER/LOCATER V6.22.4.0                                                  12/16/2023  14:39:45  PAGE 7


  -------         PROC          DS1302_SETTIME
  C:07B8H         LINE#         106
  C:07B8H         LINE#         108
  C:07B8H         LINE#         109
  C:07BFH         LINE#         110
  C:07CBH         LINE#         111
  C:07D7H         LINE#         112
  C:07E3H         LINE#         113
  -------         ENDPROC       DS1302_SETTIME
  -------         PROC          DS1302_READTIME
  -------         DO            
  D:0007H         SYMBOL        Temp
  -------         ENDDO         
  C:08E8H         LINE#         117
  C:08E8H         LINE#         119
  C:08E8H         LINE#         120
  C:08E8H         LINE#         122
  C:08EAH         LINE#         123
  C:08EFH         LINE#         124
  C:08F1H         LINE#         125
  C:08F6H         LINE#         126
  C:08FBH         LINE#         127
  C:0900H         LINE#         128
  -------         ENDPROC       DS1302_READTIME
  -------         PROC          _DEC_TO_BCD
  D:0007H         SYMBOL        DEC_Num
  C:0901H         LINE#         132
  C:0901H         LINE#         134
  C:0901H         LINE#         135
  C:0913H         LINE#         136
  -------         ENDPROC       _DEC_TO_BCD
  -------         PROC          L?0064
  -------         ENDPROC       L?0064
  -------         PROC          _BCD_TO_DEC
  D:0007H         SYMBOL        BCD_Num
  C:092AH         LINE#         139
  C:092AH         LINE#         140
  C:092AH         LINE#         141
  C:0938H         LINE#         142
  -------         ENDPROC       _BCD_TO_DEC
  -------         PROC          _DS1302_TIMECHANGE
  D:0020H         SYMBOL        Change_Mode
  -------         DO            
  D:0024H         SYMBOL        Time_Select
  D:0021H         SYMBOL        Key_Num
  D:0025H         SYMBOL        last_Key_num
  -------         ENDDO         
  C:025CH         LINE#         145
  C:025EH         LINE#         147
  C:025EH         LINE#         149
  C:0261H         LINE#         152
  C:0266H         LINE#         153
  C:027BH         LINE#         154
  C:0290H         LINE#         155
  C:02A5H         LINE#         158
  C:02B7H         LINE#         159
  C:02B7H         LINE#         160
BL51 BANKED LINKER/LOCATER V6.22.4.0                                                  12/16/2023  14:39:45  PAGE 8


  C:02B7H         LINE#         161
  C:02BEH         LINE#         163
  C:02C8H         LINE#         164
  C:02C8H         LINE#         165
  C:02D2H         LINE#         166
  C:02EEH         LINE#         167
  C:02EEH         LINE#         168
  C:02F8H         LINE#         169
  C:02F8H         LINE#         170
  C:0302H         LINE#         171
  C:031EH         LINE#         172
  C:031EH         LINE#         173
  C:031EH         LINE#         174
  C:0321H         LINE#         177
  C:0321H         LINE#         178
  C:0328H         LINE#         179
  C:0332H         LINE#         180
  C:0332H         LINE#         181
  C:033CH         LINE#         182
  C:0358H         LINE#         183
  C:0358H         LINE#         184
  C:0362H         LINE#         185
  C:0362H         LINE#         186
  C:036CH         LINE#         187
  C:0388H         LINE#         188
  C:0388H         LINE#         189
  C:0388H         LINE#         190
  C:038AH         LINE#         192
  C:038AH         LINE#         193
  C:0391H         LINE#         194
  C:039BH         LINE#         195
  C:039BH         LINE#         196
  C:03A5H         LINE#         197
  C:03C1H         LINE#         198
  C:03C1H         LINE#         199
  C:03CBH         LINE#         200
  C:03CBH         LINE#         201
  C:03D5H         LINE#         202
  C:03F1H         LINE#         203
  C:03F1H         LINE#         204
  C:03F1H         LINE#         205
  C:03F3H         LINE#         207
  C:03F3H         LINE#         208
  C:03F6H         LINE#         209
  C:03F6H         LINE#         210
  -------         ENDPROC       _DS1302_TIMECHANGE
  -------         PROC          IS_CLOCK_ALARM
  -------         DO            
  D:0007H         SYMBOL        i
  -------         ENDDO         
  C:089AH         LINE#         213
  C:089AH         LINE#         215
  C:089AH         LINE#         216
  C:089CH         LINE#         217
  C:089CH         LINE#         218
  C:089CH         LINE#         219
  C:08ADH         LINE#         220
BL51 BANKED LINKER/LOCATER V6.22.4.0                                                  12/16/2023  14:39:45  PAGE 9


  C:08B1H         LINE#         221
  C:08B3H         LINE#         222
  -------         ENDPROC       IS_CLOCK_ALARM
  -------         ENDMOD        DS1302

  -------         MODULE        DELAY
  C:0000H         SYMBOL        _ICE_DUMMY_
  D:0080H         PUBLIC        P0
  D:0090H         PUBLIC        P1
  D:00A0H         PUBLIC        P2
  D:00B0H         PUBLIC        P3
  D:00E8H         PUBLIC        P4
  D:00A8H         PUBLIC        IE
  D:00B8H         PUBLIC        IP
  D:0098H         PUBLIC        SCON
  D:0088H         PUBLIC        TCON
  D:00C8H         PUBLIC        T2CON
  C:08B4H         PUBLIC        _Delay
  D:00D0H         PUBLIC        PSW
  -------         PROC          _DELAY
  D:0006H         SYMBOL        xms
  -------         DO            
  D:0005H         SYMBOL        i
  D:0004H         SYMBOL        j
  -------         ENDDO         
  C:08B4H         LINE#         5
  C:08B4H         LINE#         6
  C:08B4H         LINE#         9
  C:08BDH         LINE#         10
  C:08BDH         LINE#         11
  C:08BEH         LINE#         12
  C:08C0H         LINE#         13
  C:08C2H         LINE#         15
  C:08C2H         LINE#         16
  C:08C4H         LINE#         17
  C:08C6H         LINE#         19
  C:08CBH         LINE#         20
  C:08CDH         LINE#         21
  -------         ENDPROC       _DELAY
  -------         ENDMOD        DELAY

  -------         MODULE        NIXIETUBE_DISPLAY
  C:0000H         SYMBOL        _ICE_DUMMY_
  D:0080H         PUBLIC        P0
  D:0090H         PUBLIC        P1
  D:00A0H         PUBLIC        P2
  D:00B0H         PUBLIC        P3
  D:00E8H         PUBLIC        P4
  D:00A8H         PUBLIC        IE
  D:00B8H         PUBLIC        IP
  D:0098H         PUBLIC        SCON
  B:00A0H.2       PUBLIC        P22
  D:0088H         PUBLIC        TCON
  B:00A0H.3       PUBLIC        P23
  B:00A0H.4       PUBLIC        P24
  C:085CH         PUBLIC        NixieTube_DisplayAlarm
  C:0670H         PUBLIC        _NixieTube_Display
BL51 BANKED LINKER/LOCATER V6.22.4.0                                                  12/16/2023  14:39:45  PAGE 10


  C:000EH         PUBLIC        _NixieTube_DisplayTime
  D:00C8H         PUBLIC        T2CON
  D:0008H         PUBLIC        NixieTable
  D:00D0H         PUBLIC        PSW
  C:065BH         SYMBOL        L?0029
  -------         PROC          L?0028
  -------         ENDPROC       L?0028
  C:065BH         SYMBOL        L?0029
  -------         PROC          _NIXIETUBE_DISPLAY
  D:0007H         SYMBOL        location
  D:0005H         SYMBOL        num
  C:0670H         LINE#         9
  C:0670H         LINE#         11
  C:0670H         LINE#         12
  C:069DH         LINE#         14
  C:069DH         LINE#         15
  C:069DH         LINE#         16
  C:069FH         LINE#         17
  C:069FH         LINE#         18
  C:069FH         LINE#         19
  C:06A1H         LINE#         21
  C:06A1H         LINE#         22
  C:06A3H         LINE#         23
  C:06A3H         LINE#         24
  C:06A3H         LINE#         25
  C:06A5H         LINE#         27
  C:06A5H         LINE#         28
  C:06A7H         LINE#         29
  C:06A7H         LINE#         30
  C:06A7H         LINE#         31
  C:06A9H         LINE#         33
  C:06A9H         LINE#         34
  C:06ABH         LINE#         35
  C:06ABH         LINE#         36
  C:06ABH         LINE#         37
  C:06ADH         LINE#         39
  C:06ADH         LINE#         40
  C:06AFH         LINE#         41
  C:06B1H         LINE#         42
  C:06B3H         LINE#         43
  C:06B5H         LINE#         45
  C:06B5H         LINE#         46
  C:06B7H         LINE#         47
  C:06B9H         LINE#         48
  C:06BBH         LINE#         49
  C:06BDH         LINE#         51
  C:06BDH         LINE#         52
  C:06BFH         LINE#         53
  C:06C1H         LINE#         54
  C:06C3H         LINE#         55
  C:06C5H         LINE#         57
  C:06C5H         LINE#         58
  C:06C7H         LINE#         59
  C:06C9H         LINE#         60
  C:06CBH         LINE#         61
  C:06CBH         LINE#         62
  C:06CBH         LINE#         64
BL51 BANKED LINKER/LOCATER V6.22.4.0                                                  12/16/2023  14:39:45  PAGE 11


  C:06D2H         LINE#         65
  C:06D9H         LINE#         68
  C:06DCH         LINE#         70
  -------         ENDPROC       _NIXIETUBE_DISPLAY
  -------         PROC          _NIXIETUBE_DISPLAYTIME
  D:0022H         SYMBOL        Time
  D:0023H         SYMBOL        Flicker_Select
  C:000EH         LINE#         74
  C:0012H         LINE#         76
  C:0012H         LINE#         77
  C:0019H         LINE#         78
  C:0019H         LINE#         79
  C:002FH         LINE#         80
  C:0032H         LINE#         82
  C:0049H         LINE#         83
  C:0061H         LINE#         85
  C:0078H         LINE#         86
  C:0090H         LINE#         88
  C:0094H         LINE#         89
  C:0094H         LINE#         90
  C:009BH         LINE#         91
  C:00A2H         LINE#         92
  C:00A2H         LINE#         93
  C:00A2H         LINE#         95
  C:00ABH         LINE#         96
  C:00ABH         LINE#         97
  C:00AFH         LINE#         98
  C:00AFH         LINE#         99
  C:00C6H         LINE#         100
  C:00C9H         LINE#         101
  C:00C9H         LINE#         103
  C:00E0H         LINE#         104
  C:00F8H         LINE#         106
  C:010FH         LINE#         107
  C:0127H         LINE#         109
  C:012EH         LINE#         110
  C:0135H         LINE#         111
  C:0135H         LINE#         113
  C:013EH         LINE#         114
  C:013EH         LINE#         115
  C:0155H         LINE#         116
  C:0158H         LINE#         118
  C:015CH         LINE#         119
  C:015CH         LINE#         120
  C:0173H         LINE#         121
  C:018BH         LINE#         122
  C:018BH         LINE#         124
  C:01A2H         LINE#         125
  C:01BAH         LINE#         127
  C:01C1H         LINE#         128
  C:01C8H         LINE#         129
  C:01C8H         LINE#         131
  C:01D1H         LINE#         132
  C:01D1H         LINE#         133
  C:01E8H         LINE#         134
  C:01EBH         LINE#         136
  C:0202H         LINE#         137
BL51 BANKED LINKER/LOCATER V6.22.4.0                                                  12/16/2023  14:39:45  PAGE 12


  C:021AH         LINE#         139
  C:021EH         LINE#         140
  C:021EH         LINE#         141
  C:0235H         LINE#         142
  C:024DH         LINE#         143
  C:024DH         LINE#         145
  C:0254H         LINE#         146
  C:025BH         LINE#         147
  C:025BH         LINE#         148
  -------         ENDPROC       _NIXIETUBE_DISPLAYTIME
  -------         PROC          NIXIETUBE_DISPLAYALARM
  C:085CH         LINE#         151
  C:085CH         LINE#         153
  C:085CH         LINE#         154
  C:0860H         LINE#         155
  C:0860H         LINE#         156
  C:0867H         LINE#         157
  C:086EH         LINE#         158
  C:0875H         LINE#         159
  C:087CH         LINE#         160
  C:087CH         LINE#         161
  -------         ENDPROC       NIXIETUBE_DISPLAYALARM
  -------         ENDMOD        NIXIETUBE_DISPLAY

  -------         MODULE        UART
  C:0000H         SYMBOL        _ICE_DUMMY_
  D:0080H         PUBLIC        P0
  D:0090H         PUBLIC        P1
  D:00A0H         PUBLIC        P2
  D:00B0H         PUBLIC        P3
  D:00E8H         PUBLIC        P4
  D:00A8H         PUBLIC        IE
  C:087DH         PUBLIC        Uart_Init
  D:00B8H         PUBLIC        IP
  B:0098H.1       PUBLIC        TI
  C:091FH         PUBLIC        _Uart_SendByte
  C:0782H         PUBLIC        Uart_SentTime
  D:0099H         PUBLIC        SBUF
  D:0087H         PUBLIC        PCON
  D:0098H         PUBLIC        SCON
  D:0089H         PUBLIC        TMOD
  D:0088H         PUBLIC        TCON
  D:008EH         PUBLIC        AUXR
  B:00A8H.3       PUBLIC        ET1
  D:008DH         PUBLIC        TH1
  D:008BH         PUBLIC        TL1
  B:0088H.6       PUBLIC        TR1
  D:00C8H         PUBLIC        T2CON
  D:00D0H         PUBLIC        PSW
  -------         PROC          UART_INIT
  C:087DH         LINE#         11
  C:087DH         LINE#         12
  C:087DH         LINE#         13
  C:0880H         LINE#         14
  C:0883H         LINE#         15
  C:0886H         LINE#         16
  C:0889H         LINE#         17
BL51 BANKED LINKER/LOCATER V6.22.4.0                                                  12/16/2023  14:39:45  PAGE 13


  C:088CH         LINE#         18
  C:088FH         LINE#         19
  C:0892H         LINE#         20
  C:0895H         LINE#         21
  C:0897H         LINE#         22
  C:0899H         LINE#         23
  -------         ENDPROC       UART_INIT
  -------         PROC          L?0010
  -------         ENDPROC       L?0010
  -------         PROC          _UART_SENDBYTE
  D:0006H         SYMBOL        Byte
  C:091FH         LINE#         50
  C:091FH         LINE#         52
  C:091FH         LINE#         53
  C:0921H         LINE#         55
  C:0924H         LINE#         58
  C:0926H         LINE#         60
  -------         ENDPROC       _UART_SENDBYTE
  -------         PROC          UART_SENTTIME
  -------         DO            
  D:0005H         SYMBOL        i
  -------         ENDDO         
  C:0782H         LINE#         64
  C:0782H         LINE#         66
  C:0782H         LINE#         67
  C:0784H         LINE#         68
  C:0784H         LINE#         69
  C:0784H         LINE#         70
  C:0794H         LINE#         71
  C:07A6H         LINE#         72
  C:07ACH         LINE#         73
  C:07ACH         LINE#         74
  C:07B3H         LINE#         75
  C:07B3H         LINE#         76
  C:07B7H         LINE#         77
  -------         ENDPROC       UART_SENTTIME
  -------         ENDMOD        UART

  -------         MODULE        TIMER0
  C:0000H         SYMBOL        _ICE_DUMMY_
  D:0080H         PUBLIC        P0
  D:0090H         PUBLIC        P1
  D:00A0H         PUBLIC        P2
  D:00B0H         PUBLIC        P3
  D:00E8H         PUBLIC        P4
  B:00A8H.7       PUBLIC        EA
  D:00A8H         PUBLIC        IE
  D:00B8H         PUBLIC        IP
  C:08CEH         PUBLIC        Timer0_Init
  D:0098H         PUBLIC        SCON
  D:0089H         PUBLIC        TMOD
  D:0088H         PUBLIC        TCON
  D:008EH         PUBLIC        AUXR
  B:00A8H.1       PUBLIC        ET0
  B:0088H.5       PUBLIC        TF0
  D:008CH         PUBLIC        TH0
  D:008AH         PUBLIC        TL0
BL51 BANKED LINKER/LOCATER V6.22.4.0                                                  12/16/2023  14:39:45  PAGE 14


  B:00B8H.1       PUBLIC        PT0
  B:0088H.4       PUBLIC        TR0
  D:00C8H         PUBLIC        T2CON
  D:00D0H         PUBLIC        PSW
  -------         PROC          TIMER0_INIT
  C:08CEH         LINE#         9
  C:08CEH         LINE#         10
  C:08CEH         LINE#         11
  C:08D1H         LINE#         12
  C:08D4H         LINE#         13
  C:08D7H         LINE#         14
  C:08DAH         LINE#         15
  C:08DDH         LINE#         16
  C:08DFH         LINE#         17
  C:08E1H         LINE#         18
  C:08E3H         LINE#         19
  C:08E5H         LINE#         20
  C:08E7H         LINE#         21
  -------         ENDPROC       TIMER0_INIT
  -------         ENDMOD        TIMER0

  -------         MODULE        MATRIXKEY
  C:0000H         SYMBOL        _ICE_DUMMY_
  D:0080H         PUBLIC        P0
  D:0090H         PUBLIC        P1
  D:00A0H         PUBLIC        P2
  D:00B0H         PUBLIC        P3
  D:00E8H         PUBLIC        P4
  D:00A8H         PUBLIC        IE
  D:00B8H         PUBLIC        IP
  C:04F9H         PUBLIC        MatrixKey
  B:0090H.0       PUBLIC        P10
  B:0090H.1       PUBLIC        P11
  B:0090H.2       PUBLIC        P12
  D:0098H         PUBLIC        SCON
  B:0090H.3       PUBLIC        P13
  D:0088H         PUBLIC        TCON
  B:0090H.4       PUBLIC        P14
  B:0090H.5       PUBLIC        P15
  B:0090H.6       PUBLIC        P16
  B:0090H.7       PUBLIC        P17
  D:00C8H         PUBLIC        T2CON
  D:00D0H         PUBLIC        PSW
  -------         PROC          MATRIXKEY
  -------         DO            
  D:0007H         SYMBOL        KeyNumber
  -------         ENDDO         
  C:04F9H         LINE#         12
  C:04F9H         LINE#         13
  C:04F9H         LINE#         14
  C:04FBH         LINE#         16
  C:04FEH         LINE#         17
  C:0500H         LINE#         19
  C:0503H         LINE#         20
  C:0503H         LINE#         21
  C:0509H         LINE#         23
  C:050BH         LINE#         24
BL51 BANKED LINKER/LOCATER V6.22.4.0                                                  12/16/2023  14:39:45  PAGE 15


  C:050BH         LINE#         25
  C:050EH         LINE#         26
  C:050EH         LINE#         27
  C:0515H         LINE#         29
  C:0517H         LINE#         30
  C:0517H         LINE#         31
  C:051AH         LINE#         32
  C:051AH         LINE#         33
  C:0521H         LINE#         35
  C:0523H         LINE#         36
  C:0523H         LINE#         37
  C:0526H         LINE#         38
  C:0526H         LINE#         39
  C:052DH         LINE#         41
  C:052FH         LINE#         42
  C:052FH         LINE#         45
  C:0532H         LINE#         46
  C:0534H         LINE#         47
  C:0537H         LINE#         48
  C:0537H         LINE#         49
  C:053EH         LINE#         51
  C:0540H         LINE#         52
  C:0540H         LINE#         53
  C:0543H         LINE#         54
  C:0543H         LINE#         55
  C:054AH         LINE#         57
  C:054CH         LINE#         58
  C:054CH         LINE#         59
  C:054FH         LINE#         60
  C:054FH         LINE#         61
  C:0556H         LINE#         63
  C:0558H         LINE#         64
  C:0558H         LINE#         65
  C:055BH         LINE#         66
  C:055BH         LINE#         67
  C:0562H         LINE#         69
  C:0564H         LINE#         70
  C:0564H         LINE#         72
  C:0567H         LINE#         73
  C:0569H         LINE#         74
  C:056CH         LINE#         75
  C:056CH         LINE#         76
  C:0573H         LINE#         78
  C:0575H         LINE#         79
  C:0575H         LINE#         80
  C:0578H         LINE#         81
  C:0578H         LINE#         82
  C:057FH         LINE#         84
  C:0581H         LINE#         85
  C:0581H         LINE#         86
  C:0584H         LINE#         87
  C:0584H         LINE#         88
  C:058BH         LINE#         90
  C:058DH         LINE#         91
  C:058DH         LINE#         92
  C:0590H         LINE#         93
  C:0590H         LINE#         94
BL51 BANKED LINKER/LOCATER V6.22.4.0                                                  12/16/2023  14:39:45  PAGE 16


  C:0597H         LINE#         96
  C:0599H         LINE#         97
  C:0599H         LINE#         99
  C:059CH         LINE#         100
  C:059EH         LINE#         101
  C:05A1H         LINE#         102
  C:05A1H         LINE#         103
  C:05A8H         LINE#         105
  C:05AAH         LINE#         106
  C:05AAH         LINE#         107
  C:05ADH         LINE#         108
  C:05ADH         LINE#         109
  C:05B4H         LINE#         111
  C:05B6H         LINE#         112
  C:05B6H         LINE#         113
  C:05B9H         LINE#         114
  C:05B9H         LINE#         115
  C:05C0H         LINE#         117
  C:05C2H         LINE#         118
  C:05C2H         LINE#         119
  C:05C5H         LINE#         120
  C:05C5H         LINE#         121
  C:05CCH         LINE#         123
  C:05CEH         LINE#         124
  C:05CEH         LINE#         126
  C:05CEH         LINE#         127
  -------         ENDPROC       MATRIXKEY
  -------         ENDMOD        MATRIXKEY

  -------         MODULE        ?C?SCDIV
  C:083AH         PUBLIC        ?C?SCDIV
  -------         ENDMOD        ?C?SCDIV

Program Size: data=48.0 xdata=0 code=2358
LINK/LOCATE RUN COMPLETE.  0 WARNING(S),  0 ERROR(S)
