BL51 BANKED LINKER/LOCATER V6.22.4.0                                                    11/25/2023  21:20:36  PAGE 1


BL51 BANKED LINKER/LOCATER V6.22.4.0, INVOKED BY:
F:\KEIL5\C51\BIN\BL51.EXE .\Objects\main.obj, .\Objects\Delay.obj, .\Objects\LCD1602.obj, .\Objects\MatrixKey.obj TO .\O
>> bjects\project PRINT (.\Listings\project.m51) RAMSIZE (256)


MEMORY MODEL: SMALL


INPUT MODULES INCLUDED:
  .\Objects\main.obj (MAIN)
  .\Objects\Delay.obj (DELAY)
  .\Objects\LCD1602.obj (LCD1602)
  .\Objects\MatrixKey.obj (MATRIXKEY)
  F:\KEIL5\C51\LIB\C51S.LIB (?C_STARTUP)
  F:\KEIL5\C51\LIB\C51S.LIB (?C?CLDOPTR)
  F:\KEIL5\C51\LIB\C51S.LIB (?C?IMUL)
  F:\KEIL5\C51\LIB\C51S.LIB (?C?UIDIV)
  F:\KEIL5\C51\LIB\C51S.LIB (STRCAT)
  F:\KEIL5\C51\LIB\C51S.LIB (?C?STRCMP)
  F:\KEIL5\C51\LIB\C51S.LIB (?C?STRCPY)
  F:\KEIL5\C51\LIB\C51S.LIB (?C_INIT)
  F:\KEIL5\C51\LIB\C51S.LIB (?C?CLDPTR)
  F:\KEIL5\C51\LIB\C51S.LIB (?C?CSTPTR)


LINK MAP OF MODULE:  .\Objects\project (MAIN)


            TYPE    BASE      LENGTH    RELOCATION   SEGMENT NAME
            -----------------------------------------------------

            * * * * * * *   D A T A   M E M O R Y   * * * * * * *
            REG     0000H     0008H     ABSOLUTE     "REG BANK 0"
            DATA    0008H     000CH     UNIT         ?DT?MAIN
            DATA    0014H     0009H     UNIT         _DATA_GROUP_
            DATA    001DH     0007H     UNIT         ?DT?_LCD_SHOWSIGNEDNUM?LCD1602
            DATA    0024H     0005H     UNIT         ?DT?_LCD_SHOWNUM?LCD1602
            DATA    0029H     0005H     UNIT         ?DT?_LCD_SHOWHEXNUM?LCD1602
            DATA    002EH     0005H     UNIT         ?DT?_LCD_SHOWBINNUM?LCD1602
            DATA    0033H     0004H     UNIT         ?DT?_LCD_POW?LCD1602
            IDATA   0037H     0001H     UNIT         ?STACK

            * * * * * * *   C O D E   M E M O R Y   * * * * * * *
            CODE    0000H     0003H     ABSOLUTE     
            CODE    0003H     0343H     UNIT         ?C?LIB_CODE
            CODE    0346H     01A6H     UNIT         ?PR?MAIN?MAIN
            CODE    04ECH     0119H     UNIT         ?PR?MATRIXKEY?MATRIXKEY
            CODE    0605H     008CH     UNIT         ?C_C51STARTUP
            CODE    0691H     005AH     UNIT         ?CO?MAIN
            CODE    06EBH     0058H     UNIT         ?PR?_STRCAT?STRCAT
            CODE    0743H     003AH     UNIT         ?PR?_LCD_SHOWSIGNEDNUM?LCD1602
            CODE    077DH     0039H     UNIT         ?PR?_LCD_SHOWHEXNUM?LCD1602
            CODE    07B6H     0038H     UNIT         ?PR?_LCD_SHOWBINNUM?LCD1602
            CODE    07EEH     0033H     UNIT         ?PR?_LCD_POW?LCD1602
            CODE    0821H     0023H     UNIT         ?PR?_LCD_SHOWSTRING?LCD1602
            CODE    0844H     001EH     UNIT         ?PR?_LCD_WRITEDATA?LCD1602
            CODE    0862H     001DH     UNIT         ?PR?_LCD_SHOWNUM?LCD1602
            CODE    087FH     001AH     UNIT         ?PR?_DELAY?DELAY
BL51 BANKED LINKER/LOCATER V6.22.4.0                                                  11/25/2023  21:20:36  PAGE 2


            CODE    0899H     0016H     UNIT         ?PR?_LCD_SETCURSOR?LCD1602
            CODE    08AFH     0014H     UNIT         ?PR?LCD_INIT?LCD1602
            CODE    08C3H     0013H     UNIT         ?C_INITSEG
            CODE    08D6H     000FH     UNIT         ?PR?LCD_DELAY?LCD1602
            CODE    08E5H     000AH     UNIT         ?PR?_LCD_WRITECOMMAND?LCD1602
            CODE    08EFH     000AH     UNIT         ?PR?_LCD_SHOWCHAR?LCD1602



OVERLAY MAP OF MODULE:   .\Objects\project (MAIN)


SEGMENT                                  DATA_GROUP 
  +--> CALLED SEGMENT                  START    LENGTH
------------------------------------------------------
?C_C51STARTUP                          -----    -----
  +--> ?PR?MAIN?MAIN
  +--> ?C_INITSEG

?PR?MAIN?MAIN                          -----    -----
  +--> ?PR?LCD_INIT?LCD1602
  +--> ?CO?MAIN
  +--> ?PR?_LCD_SHOWSTRING?LCD1602
  +--> ?PR?MATRIXKEY?MATRIXKEY
  +--> ?PR?_STRCAT?STRCAT

?PR?LCD_INIT?LCD1602                   -----    -----
  +--> ?PR?_LCD_WRITECOMMAND?LCD1602

?PR?_LCD_WRITECOMMAND?LCD1602          -----    -----
  +--> ?PR?LCD_DELAY?LCD1602

?PR?_LCD_SHOWSTRING?LCD1602            0014H    0003H
  +--> ?PR?_LCD_SETCURSOR?LCD1602
  +--> ?PR?_LCD_WRITEDATA?LCD1602

?PR?_LCD_SETCURSOR?LCD1602             -----    -----
  +--> ?PR?_LCD_WRITECOMMAND?LCD1602

?PR?_LCD_WRITEDATA?LCD1602             -----    -----
  +--> ?PR?LCD_DELAY?LCD1602

?PR?MATRIXKEY?MATRIXKEY                0014H    0001H
  +--> ?PR?_DELAY?DELAY

?PR?_STRCAT?STRCAT                     0014H    0009H



SYMBOL TABLE OF MODULE:  .\Objects\project (MAIN)

  VALUE           TYPE          NAME
  ----------------------------------

  -------         MODULE        MAIN
  C:0000H         SYMBOL        _ICE_DUMMY_
  D:0080H         PUBLIC        P0
BL51 BANKED LINKER/LOCATER V6.22.4.0                                                  11/25/2023  21:20:36  PAGE 3


  D:0090H         PUBLIC        P1
  D:00A0H         PUBLIC        P2
  D:00B0H         PUBLIC        P3
  D:00E8H         PUBLIC        P4
  D:00A8H         PUBLIC        IE
  D:00B8H         PUBLIC        IP
  C:0346H         PUBLIC        main
  D:0008H         PUBLIC        count
  D:0098H         PUBLIC        SCON
  D:0088H         PUBLIC        TCON
  D:00C8H         PUBLIC        T2CON
  D:000AH         PUBLIC        password
  D:00D0H         PUBLIC        PSW
  D:0012H         PUBLIC        Keynum
  -------         PROC          MAIN
  C:0346H         LINE#         14
  C:0346H         LINE#         15
  C:0346H         LINE#         16
  C:0349H         LINE#         17
  C:0356H         LINE#         18
  C:0356H         LINE#         19
  C:0356H         LINE#         20
  C:035EH         LINE#         21
  C:0364H         LINE#         22
  C:0364H         LINE#         23
  C:0374H         LINE#         25
  C:0374H         LINE#         26
  C:037CH         LINE#         27
  C:0389H         LINE#         28
  C:0389H         LINE#         29
  C:03C7H         LINE#         30
  C:03C7H         LINE#         31
  C:03D2H         LINE#         32
  C:03DDH         LINE#         33
  C:03E8H         LINE#         34
  C:03F3H         LINE#         35
  C:03FEH         LINE#         36
  C:0409H         LINE#         37
  C:0414H         LINE#         38
  C:041FH         LINE#         39
  C:042AH         LINE#         40
  C:043CH         LINE#         41
  C:043CH         LINE#         42
  C:043CH         LINE#         43
  C:0449H         LINE#         44
  C:0449H         LINE#         46
  C:0451H         LINE#         47
  C:0451H         LINE#         48
  C:0462H         LINE#         50
  C:0462H         LINE#         51
  C:046FH         LINE#         52
  C:047CH         LINE#         53
  C:0489H         LINE#         54
  C:048FH         LINE#         55
  C:0491H         LINE#         57
  C:0491H         LINE#         58
  C:0496H         LINE#         59
BL51 BANKED LINKER/LOCATER V6.22.4.0                                                  11/25/2023  21:20:36  PAGE 4


  C:04A4H         LINE#         60
  C:04B1H         LINE#         61
  C:04BEH         LINE#         62
  C:04BEH         LINE#         63
  C:04BEH         LINE#         65
  C:04C9H         LINE#         66
  C:04C9H         LINE#         67
  C:04D7H         LINE#         68
  C:04E4H         LINE#         69
  C:04E9H         LINE#         70
  C:04E9H         LINE#         72
  C:04E9H         LINE#         75
  -------         ENDPROC       MAIN
  -------         ENDMOD        MAIN

  -------         MODULE        DELAY
  C:0000H         SYMBOL        _ICE_DUMMY_
  D:0080H         PUBLIC        P0
  D:0090H         PUBLIC        P1
  D:00A0H         PUBLIC        P2
  D:00B0H         PUBLIC        P3
  D:00E8H         PUBLIC        P4
  D:00A8H         PUBLIC        IE
  D:00B8H         PUBLIC        IP
  D:0098H         PUBLIC        SCON
  D:0088H         PUBLIC        TCON
  D:00C8H         PUBLIC        T2CON
  C:087FH         PUBLIC        _Delay
  D:00D0H         PUBLIC        PSW
  -------         PROC          _DELAY
  D:0006H         SYMBOL        xms
  -------         DO            
  D:0005H         SYMBOL        i
  D:0004H         SYMBOL        j
  -------         ENDDO         
  C:087FH         LINE#         5
  C:087FH         LINE#         6
  C:087FH         LINE#         9
  C:0888H         LINE#         10
  C:0888H         LINE#         11
  C:0889H         LINE#         12
  C:088BH         LINE#         13
  C:088DH         LINE#         15
  C:088DH         LINE#         16
  C:088FH         LINE#         17
  C:0891H         LINE#         19
  C:0896H         LINE#         20
  C:0898H         LINE#         21
  -------         ENDPROC       _DELAY
  -------         ENDMOD        DELAY

  -------         MODULE        LCD1602
  C:0000H         SYMBOL        _ICE_DUMMY_
  D:0080H         PUBLIC        P0
  D:0090H         PUBLIC        P1
  D:00A0H         PUBLIC        P2
  D:00B0H         PUBLIC        P3
BL51 BANKED LINKER/LOCATER V6.22.4.0                                                  11/25/2023  21:20:36  PAGE 5


  D:00E8H         PUBLIC        P4
  C:08E5H         PUBLIC        _LCD_WriteCommand
  C:0862H         PUBLIC        _LCD_ShowNum
  D:00A8H         PUBLIC        IE
  D:00B8H         PUBLIC        IP
  C:07B6H         PUBLIC        _LCD_ShowBinNum
  C:08DCH         PUBLIC        LCD_Delay
  C:077DH         PUBLIC        _LCD_ShowHexNum
  D:0098H         PUBLIC        SCON
  D:0088H         PUBLIC        TCON
  C:0858H         PUBLIC        _LCD_WriteData
  B:00A0H.7       PUBLIC        LCD_EN
  C:08AFH         PUBLIC        LCD_Init
  C:0821H         PUBLIC        _LCD_ShowString
  C:08EFH         PUBLIC        _LCD_ShowChar
  B:00A0H.6       PUBLIC        LCD_RS
  B:00A0H.5       PUBLIC        LCD_RW
  C:0899H         PUBLIC        _LCD_SetCursor
  D:00C8H         PUBLIC        T2CON
  C:0743H         PUBLIC        _LCD_ShowSignedNum
  C:07FAH         PUBLIC        _LCD_Pow
  D:00D0H         PUBLIC        PSW
  -------         PROC          L?0048
  -------         ENDPROC       L?0048
  -------         PROC          LCD_DELAY
  -------         DO            
  D:0007H         SYMBOL        i
  D:0006H         SYMBOL        j
  -------         ENDDO         
  C:08DCH         LINE#         15
  C:08DCH         LINE#         16
  C:08DCH         LINE#         19
  C:08DEH         LINE#         20
  C:08E0H         LINE#         22
  C:08E0H         LINE#         23
  C:08E2H         LINE#         24
  C:08E4H         LINE#         25
  -------         ENDPROC       LCD_DELAY
  -------         PROC          _LCD_WRITECOMMAND
  D:0007H         SYMBOL        Command
  C:08E5H         LINE#         32
  C:08E5H         LINE#         33
  C:08E5H         LINE#         34
  C:08E7H         LINE#         35
  C:08E7H         LINE#         36
  C:08E7H         LINE#         37
  C:08E7H         LINE#         38
  C:08EAH         LINE#         39
  C:08ECH         LINE#         40
  -------         ENDPROC       _LCD_WRITECOMMAND
  -------         PROC          L?0047
  -------         ENDPROC       L?0047
  -------         PROC          _LCD_WRITEDATA
  D:0007H         SYMBOL        Data
  C:0858H         LINE#         48
  C:0858H         LINE#         49
  C:0858H         LINE#         50
BL51 BANKED LINKER/LOCATER V6.22.4.0                                                  11/25/2023  21:20:36  PAGE 6


  C:085AH         LINE#         51
  C:085AH         LINE#         52
  C:085AH         LINE#         53
  C:085AH         LINE#         54
  C:085DH         LINE#         55
  C:085FH         LINE#         56
  -------         ENDPROC       _LCD_WRITEDATA
  -------         PROC          _LCD_SETCURSOR
  D:0006H         SYMBOL        Line
  D:0005H         SYMBOL        Column
  C:0899H         LINE#         65
  C:089BH         LINE#         66
  C:089BH         LINE#         67
  C:089EH         LINE#         68
  C:089EH         LINE#         69
  C:08A0H         LINE#         70
  C:08A2H         LINE#         71
  C:08A5H         LINE#         72
  C:08A5H         LINE#         73
  C:08AEH         LINE#         74
  C:08AEH         LINE#         75
  -------         ENDPROC       _LCD_SETCURSOR
  -------         PROC          LCD_INIT
  C:08AFH         LINE#         82
  C:08AFH         LINE#         83
  C:08AFH         LINE#         84
  C:08B4H         LINE#         85
  C:08B9H         LINE#         86
  C:08BEH         LINE#         87
  -------         ENDPROC       LCD_INIT
  -------         PROC          _LCD_SHOWCHAR
  D:0006H         SYMBOL        Line
  D:0005H         SYMBOL        Column
  D:0004H         SYMBOL        Char
  C:08EFH         LINE#         97
  C:08F1H         LINE#         98
  C:08F1H         LINE#         99
  C:08F4H         LINE#         100
  -------         ENDPROC       _LCD_SHOWCHAR
  -------         PROC          _LCD_SHOWSTRING
  D:0007H         SYMBOL        Line
  D:0005H         SYMBOL        Column
  D:0014H         SYMBOL        String
  -------         DO            
  D:0005H         SYMBOL        i
  -------         ENDDO         
  C:0821H         LINE#         110
  C:0827H         LINE#         111
  C:0827H         LINE#         113
  C:082AH         LINE#         114
  C:083DH         LINE#         115
  C:083DH         LINE#         116
  C:0840H         LINE#         117
  C:0843H         LINE#         118
  -------         ENDPROC       _LCD_SHOWSTRING
  C:07F0H         SYMBOL        L?0046
  -------         PROC          L?0045
BL51 BANKED LINKER/LOCATER V6.22.4.0                                                  11/25/2023  21:20:36  PAGE 7


  -------         ENDPROC       L?0045
  C:07F0H         SYMBOL        L?0046
  -------         PROC          _LCD_POW
  D:0033H         SYMBOL        X
  D:0035H         SYMBOL        Y
  -------         DO            
  D:0003H         SYMBOL        i
  D:0006H         SYMBOL        Result
  -------         ENDDO         
  C:07FAH         LINE#         123
  C:0802H         LINE#         124
  C:0802H         LINE#         126
  C:0806H         LINE#         127
  C:0816H         LINE#         128
  C:0816H         LINE#         129
  C:081DH         LINE#         130
  C:0820H         LINE#         131
  C:0820H         LINE#         132
  -------         ENDPROC       _LCD_POW
  -------         PROC          _LCD_SHOWNUM
  D:0007H         SYMBOL        Line
  D:0005H         SYMBOL        Column
  D:0026H         SYMBOL        Number
  D:0028H         SYMBOL        Length
  -------         DO            
  D:0002H         SYMBOL        i
  -------         ENDDO         
  C:0862H         LINE#         142
  C:0866H         LINE#         143
  C:0866H         LINE#         145
  C:0869H         LINE#         146
  C:0871H         LINE#         147
  C:0871H         LINE#         148
  C:087BH         LINE#         149
  C:087EH         LINE#         150
  -------         ENDPROC       _LCD_SHOWNUM
  -------         PROC          _LCD_SHOWSIGNEDNUM
  D:0007H         SYMBOL        Line
  D:0005H         SYMBOL        Column
  D:0002H         SYMBOL        Number
  D:0021H         SYMBOL        Length
  -------         DO            
  D:0002H         SYMBOL        i
  D:0022H         SYMBOL        Number1
  -------         ENDDO         
  C:0743H         LINE#         160
  C:0743H         LINE#         161
  C:0743H         LINE#         164
  C:0746H         LINE#         165
  C:074EH         LINE#         166
  C:074EH         LINE#         167
  C:0753H         LINE#         168
  C:0757H         LINE#         169
  C:0759H         LINE#         171
  C:0759H         LINE#         172
  C:075EH         LINE#         173
  C:0767H         LINE#         174
BL51 BANKED LINKER/LOCATER V6.22.4.0                                                  11/25/2023  21:20:36  PAGE 8


  C:0767H         LINE#         175
  C:076FH         LINE#         176
  C:076FH         LINE#         177
  C:0779H         LINE#         178
  C:077CH         LINE#         179
  -------         ENDPROC       _LCD_SHOWSIGNEDNUM
  -------         PROC          _LCD_SHOWHEXNUM
  D:0007H         SYMBOL        Line
  D:0005H         SYMBOL        Column
  D:002BH         SYMBOL        Number
  D:002DH         SYMBOL        Length
  -------         DO            
  D:0002H         SYMBOL        i
  D:0006H         SYMBOL        SingleNumber
  -------         ENDDO         
  C:077DH         LINE#         189
  C:0781H         LINE#         190
  C:0781H         LINE#         192
  C:0784H         LINE#         193
  C:078CH         LINE#         194
  C:078CH         LINE#         195
  C:07A2H         LINE#         196
  C:07A8H         LINE#         197
  C:07A8H         LINE#         198
  C:07AAH         LINE#         199
  C:07ACH         LINE#         201
  C:07ACH         LINE#         202
  C:07B2H         LINE#         203
  C:07B2H         LINE#         204
  C:07B5H         LINE#         205
  -------         ENDPROC       _LCD_SHOWHEXNUM
  -------         PROC          _LCD_SHOWBINNUM
  D:0007H         SYMBOL        Line
  D:0005H         SYMBOL        Column
  D:0030H         SYMBOL        Number
  D:0032H         SYMBOL        Length
  -------         DO            
  D:0002H         SYMBOL        i
  -------         ENDDO         
  C:07B6H         LINE#         215
  C:07BAH         LINE#         216
  C:07BAH         LINE#         218
  C:07BDH         LINE#         219
  C:07C5H         LINE#         220
  C:07C5H         LINE#         221
  C:07EAH         LINE#         222
  C:07EDH         LINE#         223
  -------         ENDPROC       _LCD_SHOWBINNUM
  -------         ENDMOD        LCD1602

  -------         MODULE        MATRIXKEY
  C:0000H         SYMBOL        _ICE_DUMMY_
  D:0080H         PUBLIC        P0
  D:0090H         PUBLIC        P1
  D:00A0H         PUBLIC        P2
  D:00B0H         PUBLIC        P3
  D:00E8H         PUBLIC        P4
BL51 BANKED LINKER/LOCATER V6.22.4.0                                                  11/25/2023  21:20:36  PAGE 9


  D:00A8H         PUBLIC        IE
  D:00B8H         PUBLIC        IP
  C:04ECH         PUBLIC        MatrixKey
  B:0090H.0       PUBLIC        P10
  B:0090H.1       PUBLIC        P11
  B:0090H.2       PUBLIC        P12
  D:0098H         PUBLIC        SCON
  B:0090H.3       PUBLIC        P13
  D:0088H         PUBLIC        TCON
  B:0090H.4       PUBLIC        P14
  B:0090H.5       PUBLIC        P15
  B:0090H.6       PUBLIC        P16
  B:0090H.7       PUBLIC        P17
  D:00C8H         PUBLIC        T2CON
  D:00D0H         PUBLIC        PSW
  -------         PROC          MATRIXKEY
  -------         DO            
  D:0014H         SYMBOL        KeyNumber
  -------         ENDDO         
  C:04ECH         LINE#         12
  C:04ECH         LINE#         13
  C:04ECH         LINE#         14
  C:04EFH         LINE#         16
  C:04F2H         LINE#         17
  C:04F4H         LINE#         19
  C:04F7H         LINE#         20
  C:04F7H         LINE#         21
  C:04FDH         LINE#         22
  C:0500H         LINE#         23
  C:0503H         LINE#         24
  C:0503H         LINE#         25
  C:0506H         LINE#         26
  C:0506H         LINE#         27
  C:050DH         LINE#         28
  C:0510H         LINE#         29
  C:0513H         LINE#         30
  C:0513H         LINE#         31
  C:0516H         LINE#         32
  C:0516H         LINE#         33
  C:051DH         LINE#         34
  C:0520H         LINE#         35
  C:0523H         LINE#         36
  C:0523H         LINE#         37
  C:0526H         LINE#         38
  C:0526H         LINE#         39
  C:052DH         LINE#         40
  C:0530H         LINE#         41
  C:0533H         LINE#         42
  C:0533H         LINE#         45
  C:0536H         LINE#         46
  C:0538H         LINE#         47
  C:053BH         LINE#         48
  C:053BH         LINE#         49
  C:0542H         LINE#         50
  C:0545H         LINE#         51
  C:0548H         LINE#         52
  C:0548H         LINE#         53
BL51 BANKED LINKER/LOCATER V6.22.4.0                                                  11/25/2023  21:20:36  PAGE 10


  C:054BH         LINE#         54
  C:054BH         LINE#         55
  C:0552H         LINE#         56
  C:0555H         LINE#         57
  C:0558H         LINE#         58
  C:0558H         LINE#         59
  C:055BH         LINE#         60
  C:055BH         LINE#         61
  C:0562H         LINE#         62
  C:0565H         LINE#         63
  C:0568H         LINE#         64
  C:0568H         LINE#         65
  C:056BH         LINE#         66
  C:056BH         LINE#         67
  C:0572H         LINE#         68
  C:0575H         LINE#         69
  C:0578H         LINE#         70
  C:0578H         LINE#         72
  C:057BH         LINE#         73
  C:057DH         LINE#         74
  C:0580H         LINE#         75
  C:0580H         LINE#         76
  C:0587H         LINE#         77
  C:058AH         LINE#         78
  C:058DH         LINE#         79
  C:058DH         LINE#         80
  C:0590H         LINE#         81
  C:0590H         LINE#         82
  C:0597H         LINE#         83
  C:059AH         LINE#         84
  C:059DH         LINE#         85
  C:059DH         LINE#         86
  C:05A0H         LINE#         87
  C:05A0H         LINE#         88
  C:05A7H         LINE#         89
  C:05AAH         LINE#         90
  C:05ADH         LINE#         91
  C:05ADH         LINE#         92
  C:05B0H         LINE#         93
  C:05B0H         LINE#         94
  C:05B7H         LINE#         95
  C:05BAH         LINE#         96
  C:05BDH         LINE#         97
  C:05BDH         LINE#         99
  C:05C0H         LINE#         100
  C:05C2H         LINE#         101
  C:05C5H         LINE#         102
  C:05C5H         LINE#         103
  C:05CCH         LINE#         104
  C:05CFH         LINE#         105
  C:05D2H         LINE#         106
  C:05D2H         LINE#         107
  C:05D5H         LINE#         108
  C:05D5H         LINE#         109
  C:05DCH         LINE#         110
  C:05DFH         LINE#         111
  C:05E2H         LINE#         112
BL51 BANKED LINKER/LOCATER V6.22.4.0                                                  11/25/2023  21:20:36  PAGE 11


  C:05E2H         LINE#         113
  C:05E5H         LINE#         114
  C:05E5H         LINE#         115
  C:05ECH         LINE#         116
  C:05EFH         LINE#         117
  C:05F2H         LINE#         118
  C:05F2H         LINE#         119
  C:05F5H         LINE#         120
  C:05F5H         LINE#         121
  C:05FCH         LINE#         122
  C:05FFH         LINE#         123
  C:0602H         LINE#         124
  C:0602H         LINE#         126
  C:0604H         LINE#         127
  -------         ENDPROC       MATRIXKEY
  -------         ENDMOD        MATRIXKEY

  -------         MODULE        ?C?CLDOPTR
  C:0003H         PUBLIC        ?C?CLDOPTR
  -------         ENDMOD        ?C?CLDOPTR

  -------         MODULE        ?C?IMUL
  C:0030H         PUBLIC        ?C?IMUL
  -------         ENDMOD        ?C?IMUL

  -------         MODULE        ?C?UIDIV
  C:0042H         PUBLIC        ?C?UIDIV
  -------         ENDMOD        ?C?UIDIV

  -------         MODULE        STRCAT
  D:0014H         PUBLIC        ?_strcat?BYTE
  C:06EBH         PUBLIC        _strcat
  -------         ENDMOD        STRCAT

  -------         MODULE        ?C?STRCMP
  C:0215H         PUBLIC        ?C?STRCMP
  -------         ENDMOD        ?C?STRCMP

  -------         MODULE        ?C?STRCPY
  C:02FEH         PUBLIC        ?C?STRCPY
  -------         ENDMOD        ?C?STRCPY

  -------         MODULE        ?C?CLDPTR
  C:031BH         PUBLIC        ?C?CLDPTR
  -------         ENDMOD        ?C?CLDPTR

  -------         MODULE        ?C?CSTPTR
  C:0334H         PUBLIC        ?C?CSTPTR
  -------         ENDMOD        ?C?CSTPTR

*** WARNING L16: UNCALLED SEGMENT, IGNORED FOR OVERLAY PROCESS
    SEGMENT: ?PR?_LCD_SHOWCHAR?LCD1602

*** WARNING L16: UNCALLED SEGMENT, IGNORED FOR OVERLAY PROCESS
    SEGMENT: ?PR?_LCD_SHOWNUM?LCD1602

*** WARNING L16: UNCALLED SEGMENT, IGNORED FOR OVERLAY PROCESS
BL51 BANKED LINKER/LOCATER V6.22.4.0                                                  11/25/2023  21:20:36  PAGE 12


    SEGMENT: ?PR?_LCD_SHOWSIGNEDNUM?LCD1602

*** WARNING L16: UNCALLED SEGMENT, IGNORED FOR OVERLAY PROCESS
    SEGMENT: ?PR?_LCD_SHOWHEXNUM?LCD1602

*** WARNING L16: UNCALLED SEGMENT, IGNORED FOR OVERLAY PROCESS
    SEGMENT: ?PR?_LCD_SHOWBINNUM?LCD1602

Program Size: data=56.0 xdata=0 code=2297
LINK/LOCATE RUN COMPLETE.  5 WARNING(S),  0 ERROR(S)
