BL51 BANKED LINKER/LOCATER V6.22                                                        11/15/2023  13:23:12  PAGE 1


BL51 BANKED LINKER/LOCATER V6.22, INVOKED BY:
F:\51_A2\DATA\SOFTWARE\KEIL5 C51\C51INSTALL\C51\BIN\BL51.EXE .\Objects\main.obj TO .\Objects\project PRINT (.\Listings\p
>> roject.m51) RAMSIZE (256)


MEMORY MODEL: SMALL


INPUT MODULES INCLUDED:
  .\Objects\main.obj (MAIN)
  F:\51_A2\DATA\SOFTWARE\KEIL5 C51\C51INSTALL\C51\LIB\C51S.LIB (?C_STARTUP)


LINK MAP OF MODULE:  .\Objects\project (MAIN)


            TYPE    BASE      LENGTH    RELOCATION   SEGMENT NAME
            -----------------------------------------------------

            * * * * * * *   D A T A   M E M O R Y   * * * * * * *
            REG     0000H     0008H     ABSOLUTE     "REG BANK 0"
            IDATA   0008H     0001H     UNIT         ?STACK

            * * * * * * *   C O D E   M E M O R Y   * * * * * * *
            CODE    0000H     0003H     ABSOLUTE     
            CODE    0003H     004BH     UNIT         ?PR?MAIN?MAIN
            CODE    004EH     001DH     UNIT         ?PR?_DELAY?MAIN
            CODE    006BH     000CH     UNIT         ?C_C51STARTUP



OVERLAY MAP OF MODULE:   .\Objects\project (MAIN)


SEGMENT
  +--> CALLED SEGMENT
---------------------
?C_C51STARTUP
  +--> ?PR?MAIN?MAIN

?PR?MAIN?MAIN
  +--> ?PR?_DELAY?MAIN



SYMBOL TABLE OF MODULE:  .\Objects\project (MAIN)

  VALUE           TYPE          NAME
  ----------------------------------

  -------         MODULE        MAIN
  C:0000H         SYMBOL        _ICE_DUMMY_
  D:0080H         PUBLIC        P0
  D:0090H         PUBLIC        P1
  D:00A0H         PUBLIC        P2
  D:00B0H         PUBLIC        P3
  D:00E8H         PUBLIC        P4
  D:00A8H         PUBLIC        IE
BL51 BANKED LINKER/LOCATER V6.22                                                      11/15/2023  13:23:12  PAGE 2


  D:00B8H         PUBLIC        IP
  C:0003H         PUBLIC        main
  B:00B0H.0       PUBLIC        P30
  D:0098H         PUBLIC        SCON
  B:00B0H.1       PUBLIC        P31
  D:0088H         PUBLIC        TCON
  D:00C8H         PUBLIC        T2CON
  C:0052H         PUBLIC        _Delay
  D:00D0H         PUBLIC        PSW
  C:004EH         SYMBOL        L?0028
  -------         PROC          L?0027
  -------         ENDPROC       L?0027
  C:004EH         SYMBOL        L?0028
  -------         PROC          _DELAY
  D:0006H         SYMBOL        xms
  -------         DO            
  D:0005H         SYMBOL        i
  D:0004H         SYMBOL        j
  -------         ENDDO         
  C:0052H         LINE#         246
  C:0052H         LINE#         247
  C:0052H         LINE#         250
  C:005BH         LINE#         251
  C:005BH         LINE#         252
  C:005DH         LINE#         253
  C:005FH         LINE#         255
  C:005FH         LINE#         256
  C:0061H         LINE#         257
  C:0063H         LINE#         258
  C:0068H         LINE#         259
  C:006AH         LINE#         260
  -------         ENDPROC       _DELAY
  -------         PROC          MAIN
  -------         DO            
  D:0003H         SYMBOL        LED_num
  -------         ENDDO         
  C:0003H         LINE#         3
  C:0003H         LINE#         4
  C:0003H         LINE#         5
  C:0005H         LINE#         6
  C:0008H         LINE#         8
  C:0008H         LINE#         9
  C:0008H         LINE#         11
  C:000BH         LINE#         12
  C:000BH         LINE#         13
  C:000EH         LINE#         14
  C:0011H         LINE#         15
  C:0014H         LINE#         17
  C:0017H         LINE#         18
  C:0017H         LINE#         19
  C:0019H         LINE#         20
  C:001BH         LINE#         22
  C:001BH         LINE#         23
  C:001CH         LINE#         24
  C:001CH         LINE#         25
  C:002AH         LINE#         27
  C:002AH         LINE#         30
BL51 BANKED LINKER/LOCATER V6.22                                                      11/15/2023  13:23:12  PAGE 3


  C:002DH         LINE#         31
  C:002DH         LINE#         32
  C:0030H         LINE#         33
  C:0033H         LINE#         34
  C:0036H         LINE#         36
  C:0039H         LINE#         37
  C:0039H         LINE#         38
  C:003BH         LINE#         39
  C:003DH         LINE#         41
  C:003DH         LINE#         42
  C:003EH         LINE#         43
  C:003EH         LINE#         44
  C:004CH         LINE#         46
  C:004CH         LINE#         47
  -------         ENDPROC       MAIN
  -------         ENDMOD        MAIN

Program Size: data=9.0 xdata=0 code=119
LINK/LOCATE RUN COMPLETE.  0 WARNING(S),  0 ERROR(S)
